Class weights: [0.57589655057238, 0.9006642633334325, 1.2329679510749834, 1.2904712350192047]
Loading original FP32 teacher...
Creating QAT student from original weights...
QAT convolutions: 63
Loaded Version 2 checkpoint: qat\checkpoints\qat_int8_v9_best.pth
Frozen BatchNorm layers: 62
Evaluating QAT student before training...
  validation batch 5/25
  validation batch 10/25
  validation batch 15/25
  validation batch 20/25
  validation batch 25/25
{
  "pixel_accuracy": 0.7979537963867187,
  "mismatch_vs_fp32_teacher": 0.1704973602294922,
  "mean_iou": 0.6209757468253101,
  "clear_iou": 0.7429003794851835,
  "thick_cloud_iou": 0.7488139725688767,
  "thin_cloud_iou": 0.3615148528579619,
  "cloud_shadow_iou": 0.6306737823892185
}
epoch=1/8 batch=10/125 loss=0.340213 gpu=0.216 GiB
epoch=1/8 batch=20/125 loss=0.561486 gpu=0.217 GiB
epoch=1/8 batch=30/125 loss=0.729423 gpu=0.217 GiB
epoch=1/8 batch=40/125 loss=0.421940 gpu=0.216 GiB
epoch=1/8 batch=50/125 loss=0.562307 gpu=0.218 GiB
epoch=1/8 batch=60/125 loss=1.157909 gpu=0.216 GiB
epoch=1/8 batch=70/125 loss=0.545428 gpu=0.217 GiB
epoch=1/8 batch=80/125 loss=0.561729 gpu=0.217 GiB
epoch=1/8 batch=90/125 loss=0.684828 gpu=0.218 GiB
epoch=1/8 batch=100/125 loss=0.623372 gpu=0.216 GiB
epoch=1/8 batch=110/125 loss=0.452519 gpu=0.217 GiB
epoch=1/8 batch=120/125 loss=0.374144 gpu=0.217 GiB
  validation batch 5/25
  validation batch 10/25
  validation batch 15/25
  validation batch 20/25
  validation batch 25/25
Epoch result:
{
  "pixel_accuracy": 0.7929327392578125,
  "mismatch_vs_fp32_teacher": 0.17863555908203124,
  "mean_iou": 0.6127229398159811,
  "clear_iou": 0.7389286550221288,
  "thick_cloud_iou": 0.7383653248593482,
  "thin_cloud_iou": 0.3561107485089356,
  "cloud_shadow_iou": 0.6174870308735118,
  "epoch": 1,
  "training_loss": 0.7068246867656708,
  "training_seconds": 25.75935470033437
}
Saved best checkpoint: qat/checkpoints/qat_int8_v16_best.pth
epoch=2/8 batch=10/125 loss=1.158997 gpu=0.191 GiB
epoch=2/8 batch=20/125 loss=2.128101 gpu=0.191 GiB
epoch=2/8 batch=30/125 loss=0.569086 gpu=0.191 GiB
epoch=2/8 batch=40/125 loss=0.304914 gpu=0.190 GiB
epoch=2/8 batch=50/125 loss=0.964875 gpu=0.191 GiB
epoch=2/8 batch=60/125 loss=0.674792 gpu=0.191 GiB
epoch=2/8 batch=70/125 loss=0.768702 gpu=0.190 GiB
epoch=2/8 batch=80/125 loss=1.172832 gpu=0.191 GiB
epoch=2/8 batch=90/125 loss=0.878271 gpu=0.191 GiB
epoch=2/8 batch=100/125 loss=0.453187 gpu=0.190 GiB
epoch=2/8 batch=110/125 loss=0.447867 gpu=0.191 GiB
epoch=2/8 batch=120/125 loss=0.459785 gpu=0.191 GiB
  validation batch 5/25
  validation batch 10/25
  validation batch 15/25
  validation batch 20/25
  validation batch 25/25
Epoch result:
{
  "pixel_accuracy": 0.7936019897460938,
  "mismatch_vs_fp32_teacher": 0.17469497680664062,
  "mean_iou": 0.6146939232843004,
  "clear_iou": 0.7392009384208559,
  "thick_cloud_iou": 0.7432735274447904,
  "thin_cloud_iou": 0.35694951133145786,
  "cloud_shadow_iou": 0.6193517159400974,
  "epoch": 2,
  "training_loss": 0.7446342861652374,
  "training_seconds": 24.697612599935383
}
Saved best checkpoint: qat/checkpoints/qat_int8_v16_best.pth
epoch=3/8 batch=10/125 loss=0.310411 gpu=0.191 GiB
epoch=3/8 batch=20/125 loss=0.808390 gpu=0.190 GiB
epoch=3/8 batch=30/125 loss=0.460272 gpu=0.191 GiB
epoch=3/8 batch=40/125 loss=0.418197 gpu=0.191 GiB
epoch=3/8 batch=50/125 loss=0.495337 gpu=0.190 GiB
epoch=3/8 batch=60/125 loss=1.378106 gpu=0.191 GiB
epoch=3/8 batch=70/125 loss=0.795753 gpu=0.191 GiB
epoch=3/8 batch=80/125 loss=0.630873 gpu=0.190 GiB
epoch=3/8 batch=90/125 loss=1.210852 gpu=0.191 GiB
epoch=3/8 batch=100/125 loss=0.329327 gpu=0.191 GiB
epoch=3/8 batch=110/125 loss=0.449843 gpu=0.190 GiB
epoch=3/8 batch=120/125 loss=0.500138 gpu=0.191 GiB
  validation batch 5/25
  validation batch 10/25
  validation batch 15/25
  validation batch 20/25
  validation batch 25/25
Epoch result:
{
  "pixel_accuracy": 0.7948918914794922,
  "mismatch_vs_fp32_teacher": 0.17380760192871095,
  "mean_iou": 0.6174534454884952,
  "clear_iou": 0.739197678180035,
  "thick_cloud_iou": 0.744459745543802,
  "thin_cloud_iou": 0.35935648791330926,
  "cloud_shadow_iou": 0.6267998703168347,
  "epoch": 3,
  "training_loss": 0.7155738332271576,
  "training_seconds": 24.824656100012362
}
Saved best checkpoint: qat/checkpoints/qat_int8_v16_best.pth
epoch=4/8 batch=10/125 loss=0.660741 gpu=0.191 GiB
epoch=4/8 batch=20/125 loss=0.414528 gpu=0.191 GiB
epoch=4/8 batch=30/125 loss=0.520229 gpu=0.190 GiB
epoch=4/8 batch=40/125 loss=0.711978 gpu=0.191 GiB
epoch=4/8 batch=50/125 loss=0.598575 gpu=0.191 GiB
epoch=4/8 batch=60/125 loss=1.453935 gpu=0.190 GiB
epoch=4/8 batch=70/125 loss=0.913655 gpu=0.191 GiB
epoch=4/8 batch=80/125 loss=0.443461 gpu=0.191 GiB
epoch=4/8 batch=90/125 loss=0.434144 gpu=0.190 GiB
epoch=4/8 batch=100/125 loss=0.553621 gpu=0.191 GiB
epoch=4/8 batch=110/125 loss=0.555267 gpu=0.191 GiB
epoch=4/8 batch=120/125 loss=0.326881 gpu=0.190 GiB
  validation batch 5/25
  validation batch 10/25
  validation batch 15/25
  validation batch 20/25
  validation batch 25/25
Epoch result:
{
  "pixel_accuracy": 0.7956819915771485,
  "mismatch_vs_fp32_teacher": 0.17221878051757813,
  "mean_iou": 0.6185393996549932,
  "clear_iou": 0.7411963944573694,
  "thick_cloud_iou": 0.7452435735029257,
  "thin_cloud_iou": 0.3604798335912271,
  "cloud_shadow_iou": 0.6272377970684503,
  "epoch": 4,
  "training_loss": 0.763869567155838,
  "training_seconds": 24.12313580000773
}
Saved best checkpoint: qat/checkpoints/qat_int8_v16_best.pth
epoch=5/8 batch=10/125 loss=0.713291 gpu=0.190 GiB
epoch=5/8 batch=20/125 loss=0.291431 gpu=0.191 GiB
epoch=5/8 batch=30/125 loss=0.307292 gpu=0.191 GiB
epoch=5/8 batch=40/125 loss=0.427330 gpu=0.190 GiB
epoch=5/8 batch=50/125 loss=0.402488 gpu=0.191 GiB
epoch=5/8 batch=60/125 loss=0.498877 gpu=0.191 GiB
epoch=5/8 batch=70/125 loss=0.383258 gpu=0.190 GiB
epoch=5/8 batch=80/125 loss=0.404095 gpu=0.191 GiB
epoch=5/8 batch=90/125 loss=0.492406 gpu=0.191 GiB
epoch=5/8 batch=100/125 loss=0.543524 gpu=0.190 GiB
epoch=5/8 batch=110/125 loss=0.374392 gpu=0.191 GiB
epoch=5/8 batch=120/125 loss=0.299284 gpu=0.191 GiB
  validation batch 5/25
  validation batch 10/25
  validation batch 15/25
  validation batch 20/25
  validation batch 25/25
Epoch result:
{
  "pixel_accuracy": 0.7944104766845703,
  "mismatch_vs_fp32_teacher": 0.17397796630859375,
  "mean_iou": 0.616089112849659,
  "clear_iou": 0.7383665819555972,
  "thick_cloud_iou": 0.7450461370079264,
  "thin_cloud_iou": 0.358296400252405,
  "cloud_shadow_iou": 0.6226473321827072,
  "epoch": 5,
  "training_loss": 0.7194747104644775,
  "training_seconds": 24.441574099939317
}
epoch=6/8 batch=10/125 loss=0.278874 gpu=0.191 GiB
epoch=6/8 batch=20/125 loss=0.467048 gpu=0.190 GiB
epoch=6/8 batch=30/125 loss=0.834522 gpu=0.191 GiB
epoch=6/8 batch=40/125 loss=1.027123 gpu=0.191 GiB
epoch=6/8 batch=50/125 loss=0.513785 gpu=0.190 GiB
epoch=6/8 batch=60/125 loss=0.330067 gpu=0.191 GiB
epoch=6/8 batch=70/125 loss=1.267228 gpu=0.191 GiB
epoch=6/8 batch=80/125 loss=0.509323 gpu=0.190 GiB
epoch=6/8 batch=90/125 loss=0.639948 gpu=0.191 GiB
epoch=6/8 batch=100/125 loss=0.549106 gpu=0.191 GiB
epoch=6/8 batch=110/125 loss=0.628684 gpu=0.190 GiB
epoch=6/8 batch=120/125 loss=0.867794 gpu=0.191 GiB
  validation batch 5/25
  validation batch 10/25
  validation batch 15/25
  validation batch 20/25
  validation batch 25/25
Epoch result:
{
  "pixel_accuracy": 0.7966987609863281,
  "mismatch_vs_fp32_teacher": 0.1694396209716797,
  "mean_iou": 0.620517118798254,
  "clear_iou": 0.7433013942670089,
  "thick_cloud_iou": 0.74277370478212,
  "thin_cloud_iou": 0.3607207764018571,
  "cloud_shadow_iou": 0.6352725997420298,
  "epoch": 6,
  "training_loss": 0.6995953328609467,
  "training_seconds": 24.435242699924856
}
Saved best checkpoint: qat/checkpoints/qat_int8_v16_best.pth
epoch=7/8 batch=10/125 loss=0.359079 gpu=0.191 GiB
epoch=7/8 batch=20/125 loss=0.456115 gpu=0.191 GiB
epoch=7/8 batch=30/125 loss=0.612864 gpu=0.190 GiB
epoch=7/8 batch=40/125 loss=0.492965 gpu=0.191 GiB
epoch=7/8 batch=50/125 loss=0.544927 gpu=0.191 GiB
epoch=7/8 batch=60/125 loss=1.081053 gpu=0.190 GiB
epoch=7/8 batch=70/125 loss=0.568331 gpu=0.191 GiB
epoch=7/8 batch=80/125 loss=1.415503 gpu=0.191 GiB
epoch=7/8 batch=90/125 loss=0.418047 gpu=0.190 GiB
epoch=7/8 batch=100/125 loss=0.668862 gpu=0.191 GiB
epoch=7/8 batch=110/125 loss=1.067444 gpu=0.191 GiB
epoch=7/8 batch=120/125 loss=0.404168 gpu=0.190 GiB
  validation batch 5/25
  validation batch 10/25
  validation batch 15/25
  validation batch 20/25
  validation batch 25/25
Epoch result:
{
  "pixel_accuracy": 0.792965087890625,
  "mismatch_vs_fp32_teacher": 0.17811370849609376,
  "mean_iou": 0.6109013442074478,
  "clear_iou": 0.7407324293858147,
  "thick_cloud_iou": 0.7379467937067526,
  "thin_cloud_iou": 0.3600767477249352,
  "cloud_shadow_iou": 0.6048494060122884,
  "epoch": 7,
  "training_loss": 0.6650091586112976,
  "training_seconds": 24.490468500182033
}
epoch=8/8 batch=10/125 loss=0.763479 gpu=0.190 GiB
epoch=8/8 batch=20/125 loss=0.604756 gpu=0.191 GiB
epoch=8/8 batch=30/125 loss=0.392176 gpu=0.191 GiB
epoch=8/8 batch=40/125 loss=0.797417 gpu=0.190 GiB
epoch=8/8 batch=50/125 loss=0.434347 gpu=0.191 GiB
epoch=8/8 batch=60/125 loss=0.999808 gpu=0.191 GiB
epoch=8/8 batch=70/125 loss=0.596987 gpu=0.190 GiB
epoch=8/8 batch=80/125 loss=0.319047 gpu=0.191 GiB
epoch=8/8 batch=90/125 loss=0.354592 gpu=0.191 GiB
epoch=8/8 batch=100/125 loss=0.465553 gpu=0.190 GiB
epoch=8/8 batch=110/125 loss=1.345197 gpu=0.191 GiB
epoch=8/8 batch=120/125 loss=0.830031 gpu=0.191 GiB
  validation batch 5/25
  validation batch 10/25
  validation batch 15/25
  validation batch 20/25
  validation batch 25/25
Epoch result:
{
  "pixel_accuracy": 0.7904363250732422,
  "mismatch_vs_fp32_teacher": 0.1779925537109375,
  "mean_iou": 0.6077724202674042,
  "clear_iou": 0.736118733933913,
  "thick_cloud_iou": 0.7375180072392128,
  "thin_cloud_iou": 0.35797357820211023,
  "cloud_shadow_iou": 0.5994793616943805,
  "epoch": 8,
  "training_loss": 0.715895446062088,
  "training_seconds": 24.768540699966252
}
Saved: qat/results/exploration_v10_v29/qat_int8_v16_training.json
QAT training complete.
