Class weights: [0.57589655057238, 0.9006642633334325, 1.2329679510749834, 1.2904712350192047]
Loading original FP32 teacher...
Creating QAT student from original weights...
QAT convolutions: 63
Loaded Version 2 checkpoint: qat\checkpoints\qat_int8_v9_best.pth
Frozen BatchNorm layers: 62
Evaluating QAT student before training...
  validation batch 5/25
  validation batch 10/25
  validation batch 15/25
  validation batch 20/25
  validation batch 25/25
{
  "pixel_accuracy": 0.7979537963867187,
  "mismatch_vs_fp32_teacher": 0.1704973602294922,
  "mean_iou": 0.6209757468253101,
  "clear_iou": 0.7429003794851835,
  "thick_cloud_iou": 0.7488139725688767,
  "thin_cloud_iou": 0.3615148528579619,
  "cloud_shadow_iou": 0.6306737823892185
}
epoch=1/10 batch=10/125 loss=0.341010 gpu=0.216 GiB
epoch=1/10 batch=20/125 loss=0.556962 gpu=0.217 GiB
epoch=1/10 batch=30/125 loss=0.745285 gpu=0.217 GiB
epoch=1/10 batch=40/125 loss=0.431323 gpu=0.216 GiB
epoch=1/10 batch=50/125 loss=0.578936 gpu=0.218 GiB
epoch=1/10 batch=60/125 loss=1.235537 gpu=0.216 GiB
epoch=1/10 batch=70/125 loss=0.545693 gpu=0.217 GiB
epoch=1/10 batch=80/125 loss=0.575702 gpu=0.217 GiB
epoch=1/10 batch=90/125 loss=0.703345 gpu=0.218 GiB
epoch=1/10 batch=100/125 loss=0.615435 gpu=0.216 GiB
epoch=1/10 batch=110/125 loss=0.468939 gpu=0.217 GiB
epoch=1/10 batch=120/125 loss=0.382389 gpu=0.217 GiB
  validation batch 5/25
  validation batch 10/25
  validation batch 15/25
  validation batch 20/25
  validation batch 25/25
Epoch result:
{
  "pixel_accuracy": 0.7964434814453125,
  "mismatch_vs_fp32_teacher": 0.17467353820800782,
  "mean_iou": 0.6180781096515713,
  "clear_iou": 0.7413375816431798,
  "thick_cloud_iou": 0.7439176699661035,
  "thin_cloud_iou": 0.36050626092360566,
  "cloud_shadow_iou": 0.626550926073396,
  "epoch": 1,
  "training_loss": 0.7046419796943665,
  "training_seconds": 26.059060900006443
}
Saved best checkpoint: qat/checkpoints/qat_int8_v13_best.pth
epoch=2/10 batch=10/125 loss=1.190763 gpu=0.191 GiB
epoch=2/10 batch=20/125 loss=2.511916 gpu=0.191 GiB
epoch=2/10 batch=30/125 loss=0.565897 gpu=0.191 GiB
epoch=2/10 batch=40/125 loss=0.308601 gpu=0.190 GiB
epoch=2/10 batch=50/125 loss=0.921881 gpu=0.191 GiB
epoch=2/10 batch=60/125 loss=0.660459 gpu=0.191 GiB
epoch=2/10 batch=70/125 loss=0.777492 gpu=0.190 GiB
epoch=2/10 batch=80/125 loss=1.524647 gpu=0.191 GiB
epoch=2/10 batch=90/125 loss=1.020025 gpu=0.191 GiB
epoch=2/10 batch=100/125 loss=0.458438 gpu=0.190 GiB
epoch=2/10 batch=110/125 loss=0.440904 gpu=0.191 GiB
epoch=2/10 batch=120/125 loss=0.497572 gpu=0.191 GiB
  validation batch 5/25
  validation batch 10/25
  validation batch 15/25
  validation batch 20/25
  validation batch 25/25
Epoch result:
{
  "pixel_accuracy": 0.7947141265869141,
  "mismatch_vs_fp32_teacher": 0.1743529510498047,
  "mean_iou": 0.6165584830085172,
  "clear_iou": 0.7393184418715163,
  "thick_cloud_iou": 0.7416372004910774,
  "thin_cloud_iou": 0.3609734936708389,
  "cloud_shadow_iou": 0.6243047960006364,
  "epoch": 2,
  "training_loss": 0.7667890220880509,
  "training_seconds": 24.679557099938393
}
epoch=3/10 batch=10/125 loss=0.304414 gpu=0.191 GiB
epoch=3/10 batch=20/125 loss=0.750694 gpu=0.190 GiB
epoch=3/10 batch=30/125 loss=0.464736 gpu=0.191 GiB
epoch=3/10 batch=40/125 loss=0.618487 gpu=0.191 GiB
epoch=3/10 batch=50/125 loss=0.493896 gpu=0.190 GiB
epoch=3/10 batch=60/125 loss=1.374550 gpu=0.191 GiB
epoch=3/10 batch=70/125 loss=0.891815 gpu=0.191 GiB
epoch=3/10 batch=80/125 loss=0.632060 gpu=0.190 GiB
epoch=3/10 batch=90/125 loss=1.182108 gpu=0.191 GiB
epoch=3/10 batch=100/125 loss=0.327567 gpu=0.191 GiB
epoch=3/10 batch=110/125 loss=0.445028 gpu=0.190 GiB
epoch=3/10 batch=120/125 loss=0.505312 gpu=0.191 GiB
  validation batch 5/25
  validation batch 10/25
  validation batch 15/25
  validation batch 20/25
  validation batch 25/25
Epoch result:
{
  "pixel_accuracy": 0.7923332977294922,
  "mismatch_vs_fp32_teacher": 0.177823486328125,
  "mean_iou": 0.6120232588770663,
  "clear_iou": 0.7375747735841681,
  "thick_cloud_iou": 0.7363527078787209,
  "thin_cloud_iou": 0.3535364145527377,
  "cloud_shadow_iou": 0.6206291394926388,
  "epoch": 3,
  "training_loss": 0.7427668979167938,
  "training_seconds": 24.687764099799097
}
epoch=4/10 batch=10/125 loss=0.634856 gpu=0.191 GiB
epoch=4/10 batch=20/125 loss=0.419136 gpu=0.191 GiB
epoch=4/10 batch=30/125 loss=0.492286 gpu=0.190 GiB
epoch=4/10 batch=40/125 loss=0.715474 gpu=0.191 GiB
epoch=4/10 batch=50/125 loss=0.607986 gpu=0.191 GiB
epoch=4/10 batch=60/125 loss=1.478173 gpu=0.190 GiB
epoch=4/10 batch=70/125 loss=0.906893 gpu=0.191 GiB
epoch=4/10 batch=80/125 loss=0.450832 gpu=0.191 GiB
epoch=4/10 batch=90/125 loss=0.446491 gpu=0.190 GiB
epoch=4/10 batch=100/125 loss=0.572293 gpu=0.191 GiB
epoch=4/10 batch=110/125 loss=0.568049 gpu=0.191 GiB
epoch=4/10 batch=120/125 loss=0.349675 gpu=0.190 GiB
  validation batch 5/25
  validation batch 10/25
  validation batch 15/25
  validation batch 20/25
  validation batch 25/25
Epoch result:
{
  "pixel_accuracy": 0.79489990234375,
  "mismatch_vs_fp32_teacher": 0.17280982971191405,
  "mean_iou": 0.6176587052828,
  "clear_iou": 0.739104610617403,
  "thick_cloud_iou": 0.7429217755009849,
  "thin_cloud_iou": 0.3579711868607995,
  "cloud_shadow_iou": 0.6306372481520124,
  "epoch": 4,
  "training_loss": 0.7908777532577514,
  "training_seconds": 24.54384610010311
}
epoch=5/10 batch=10/125 loss=0.691243 gpu=0.190 GiB
epoch=5/10 batch=20/125 loss=0.291583 gpu=0.191 GiB
epoch=5/10 batch=30/125 loss=0.325186 gpu=0.191 GiB
epoch=5/10 batch=40/125 loss=0.452879 gpu=0.190 GiB
epoch=5/10 batch=50/125 loss=0.415127 gpu=0.191 GiB
epoch=5/10 batch=60/125 loss=0.493997 gpu=0.191 GiB
epoch=5/10 batch=70/125 loss=0.394613 gpu=0.190 GiB
epoch=5/10 batch=80/125 loss=0.413039 gpu=0.191 GiB
epoch=5/10 batch=90/125 loss=0.499109 gpu=0.191 GiB
epoch=5/10 batch=100/125 loss=0.546774 gpu=0.190 GiB
epoch=5/10 batch=110/125 loss=0.371976 gpu=0.191 GiB
epoch=5/10 batch=120/125 loss=0.307666 gpu=0.191 GiB
  validation batch 5/25
  validation batch 10/25
  validation batch 15/25
  validation batch 20/25
  validation batch 25/25
Epoch result:
{
  "pixel_accuracy": 0.7953376007080079,
  "mismatch_vs_fp32_teacher": 0.17230064392089844,
  "mean_iou": 0.6180297982889141,
  "clear_iou": 0.740530897650559,
  "thick_cloud_iou": 0.7438864363916616,
  "thin_cloud_iou": 0.3576334741098797,
  "cloud_shadow_iou": 0.6300683850035561,
  "epoch": 5,
  "training_loss": 0.7624533202648163,
  "training_seconds": 24.58635130012408
}
epoch=6/10 batch=10/125 loss=0.289318 gpu=0.191 GiB
epoch=6/10 batch=20/125 loss=0.452264 gpu=0.190 GiB
epoch=6/10 batch=30/125 loss=0.860800 gpu=0.191 GiB
epoch=6/10 batch=40/125 loss=1.046450 gpu=0.191 GiB
epoch=6/10 batch=50/125 loss=0.538985 gpu=0.190 GiB
epoch=6/10 batch=60/125 loss=0.326714 gpu=0.191 GiB
epoch=6/10 batch=70/125 loss=0.416131 gpu=0.191 GiB
epoch=6/10 batch=80/125 loss=0.529265 gpu=0.190 GiB
epoch=6/10 batch=90/125 loss=0.659869 gpu=0.191 GiB
epoch=6/10 batch=100/125 loss=0.545468 gpu=0.191 GiB
epoch=6/10 batch=110/125 loss=0.439711 gpu=0.190 GiB
epoch=6/10 batch=120/125 loss=0.887930 gpu=0.191 GiB
  validation batch 5/25
  validation batch 10/25
  validation batch 15/25
  validation batch 20/25
  validation batch 25/25
Epoch result:
{
  "pixel_accuracy": 0.7951974487304687,
  "mismatch_vs_fp32_teacher": 0.1732720184326172,
  "mean_iou": 0.6174609164325534,
  "clear_iou": 0.7402477876010515,
  "thick_cloud_iou": 0.7434564968943245,
  "thin_cloud_iou": 0.35664990908436184,
  "cloud_shadow_iou": 0.6294894721504759,
  "epoch": 6,
  "training_loss": 0.7183940490484237,
  "training_seconds": 24.595393899828196
}
epoch=7/10 batch=10/125 loss=0.346338 gpu=0.191 GiB
epoch=7/10 batch=20/125 loss=0.457490 gpu=0.191 GiB
epoch=7/10 batch=30/125 loss=0.730315 gpu=0.190 GiB
epoch=7/10 batch=40/125 loss=0.437067 gpu=0.191 GiB
epoch=7/10 batch=50/125 loss=0.550466 gpu=0.191 GiB
epoch=7/10 batch=60/125 loss=1.244802 gpu=0.190 GiB
epoch=7/10 batch=70/125 loss=0.612712 gpu=0.191 GiB
epoch=7/10 batch=80/125 loss=1.310562 gpu=0.191 GiB
epoch=7/10 batch=90/125 loss=0.407798 gpu=0.190 GiB
epoch=7/10 batch=100/125 loss=0.662072 gpu=0.191 GiB
epoch=7/10 batch=110/125 loss=1.098655 gpu=0.191 GiB
epoch=7/10 batch=120/125 loss=0.399088 gpu=0.190 GiB
  validation batch 5/25
  validation batch 10/25
  validation batch 15/25
  validation batch 20/25
  validation batch 25/25
Epoch result:
{
  "pixel_accuracy": 0.7914331817626953,
  "mismatch_vs_fp32_teacher": 0.17669151306152345,
  "mean_iou": 0.6113539964417565,
  "clear_iou": 0.7380622492431639,
  "thick_cloud_iou": 0.7355314377194944,
  "thin_cloud_iou": 0.3581883593711498,
  "cloud_shadow_iou": 0.6136339394332176,
  "epoch": 7,
  "training_loss": 0.6734983670711517,
  "training_seconds": 24.592394299805164
}
epoch=8/10 batch=10/125 loss=0.776996 gpu=0.190 GiB
epoch=8/10 batch=20/125 loss=0.585002 gpu=0.191 GiB
epoch=8/10 batch=30/125 loss=0.408405 gpu=0.191 GiB
epoch=8/10 batch=40/125 loss=0.769538 gpu=0.190 GiB
epoch=8/10 batch=50/125 loss=0.455512 gpu=0.191 GiB
epoch=8/10 batch=60/125 loss=0.997743 gpu=0.191 GiB
epoch=8/10 batch=70/125 loss=0.597100 gpu=0.190 GiB
epoch=8/10 batch=80/125 loss=0.320344 gpu=0.191 GiB
epoch=8/10 batch=90/125 loss=0.337777 gpu=0.191 GiB
epoch=8/10 batch=100/125 loss=0.977186 gpu=0.190 GiB
epoch=8/10 batch=110/125 loss=1.380327 gpu=0.191 GiB
epoch=8/10 batch=120/125 loss=0.837694 gpu=0.191 GiB
  validation batch 5/25
  validation batch 10/25
  validation batch 15/25
  validation batch 20/25
  validation batch 25/25
Epoch result:
{
  "pixel_accuracy": 0.7930032348632813,
  "mismatch_vs_fp32_teacher": 0.174754638671875,
  "mean_iou": 0.615046432139934,
  "clear_iou": 0.73763139411607,
  "thick_cloud_iou": 0.7431423438154848,
  "thin_cloud_iou": 0.35541111586627694,
  "cloud_shadow_iou": 0.6240008747619041,
  "epoch": 8,
  "training_loss": 0.722709409236908,
  "training_seconds": 24.7517609000206
}
epoch=9/10 batch=10/125 loss=2.447611 gpu=0.191 GiB
epoch=9/10 batch=20/125 loss=1.243251 gpu=0.190 GiB
epoch=9/10 batch=30/125 loss=1.978742 gpu=0.191 GiB
epoch=9/10 batch=40/125 loss=0.774209 gpu=0.191 GiB
epoch=9/10 batch=50/125 loss=0.881180 gpu=0.190 GiB
epoch=9/10 batch=60/125 loss=0.964897 gpu=0.191 GiB
epoch=9/10 batch=70/125 loss=1.671901 gpu=0.191 GiB
epoch=9/10 batch=80/125 loss=1.010194 gpu=0.190 GiB
epoch=9/10 batch=90/125 loss=0.545221 gpu=0.191 GiB
epoch=9/10 batch=100/125 loss=0.820155 gpu=0.191 GiB
epoch=9/10 batch=110/125 loss=0.503391 gpu=0.190 GiB
epoch=9/10 batch=120/125 loss=0.690156 gpu=0.191 GiB
  validation batch 5/25
  validation batch 10/25
  validation batch 15/25
  validation batch 20/25
  validation batch 25/25
Epoch result:
{
  "pixel_accuracy": 0.7936981201171875,
  "mismatch_vs_fp32_teacher": 0.17328140258789063,
  "mean_iou": 0.6154662488162888,
  "clear_iou": 0.7386365484776618,
  "thick_cloud_iou": 0.7436306336110938,
  "thin_cloud_iou": 0.3588504643562711,
  "cloud_shadow_iou": 0.620747348820128,
  "epoch": 9,
  "training_loss": 0.6996598663330078,
  "training_seconds": 24.589182999916375
}
epoch=10/10 batch=10/125 loss=0.473343 gpu=0.191 GiB
epoch=10/10 batch=20/125 loss=0.997839 gpu=0.191 GiB
epoch=10/10 batch=30/125 loss=0.908632 gpu=0.190 GiB
epoch=10/10 batch=40/125 loss=0.899565 gpu=0.191 GiB
epoch=10/10 batch=50/125 loss=0.517535 gpu=0.191 GiB
epoch=10/10 batch=60/125 loss=1.088081 gpu=0.190 GiB
epoch=10/10 batch=70/125 loss=0.329039 gpu=0.191 GiB
epoch=10/10 batch=80/125 loss=1.578238 gpu=0.191 GiB
epoch=10/10 batch=90/125 loss=0.508284 gpu=0.190 GiB
epoch=10/10 batch=100/125 loss=0.689215 gpu=0.191 GiB
epoch=10/10 batch=110/125 loss=0.266433 gpu=0.191 GiB
epoch=10/10 batch=120/125 loss=0.753127 gpu=0.190 GiB
  validation batch 5/25
  validation batch 10/25
  validation batch 15/25
  validation batch 20/25
  validation batch 25/25
Epoch result:
{
  "pixel_accuracy": 0.7929241943359375,
  "mismatch_vs_fp32_teacher": 0.17552207946777343,
  "mean_iou": 0.6136143480762342,
  "clear_iou": 0.7403958824723741,
  "thick_cloud_iou": 0.7380558995075672,
  "thin_cloud_iou": 0.3587869210910728,
  "cloud_shadow_iou": 0.6172186892339223,
  "epoch": 10,
  "training_loss": 0.7379486621618271,
  "training_seconds": 24.529494799673557
}
Saved: qat/results/exploration_v10_v29/qat_int8_v13_training.json
QAT training complete.
