Class weights: [0.57589655057238, 0.9006642633334325, 1.2329679510749834, 1.2904712350192047]
Loading original FP32 teacher...
Creating QAT student from original weights...
QAT convolutions: 63
Loaded Version 2 checkpoint: qat\checkpoints\qat_int8_v9_best.pth
Frozen BatchNorm layers: 62
Evaluating QAT student before training...
  validation batch 5/25
  validation batch 10/25
  validation batch 15/25
  validation batch 20/25
  validation batch 25/25
{
  "pixel_accuracy": 0.7979537963867187,
  "mismatch_vs_fp32_teacher": 0.1704973602294922,
  "mean_iou": 0.6209757468253101,
  "clear_iou": 0.7429003794851835,
  "thick_cloud_iou": 0.7488139725688767,
  "thin_cloud_iou": 0.3615148528579619,
  "cloud_shadow_iou": 0.6306737823892185
}
epoch=1/6 batch=10/125 loss=0.338088 gpu=0.216 GiB
epoch=1/6 batch=20/125 loss=0.545558 gpu=0.217 GiB
epoch=1/6 batch=30/125 loss=0.746678 gpu=0.217 GiB
epoch=1/6 batch=40/125 loss=0.419316 gpu=0.216 GiB
epoch=1/6 batch=50/125 loss=0.561500 gpu=0.218 GiB
epoch=1/6 batch=60/125 loss=1.143403 gpu=0.216 GiB
epoch=1/6 batch=70/125 loss=0.538723 gpu=0.217 GiB
epoch=1/6 batch=80/125 loss=0.626969 gpu=0.217 GiB
epoch=1/6 batch=90/125 loss=0.680522 gpu=0.218 GiB
epoch=1/6 batch=100/125 loss=0.611642 gpu=0.216 GiB
epoch=1/6 batch=110/125 loss=0.449701 gpu=0.217 GiB
epoch=1/6 batch=120/125 loss=0.372506 gpu=0.217 GiB
  validation batch 5/25
  validation batch 10/25
  validation batch 15/25
  validation batch 20/25
  validation batch 25/25
Epoch result:
{
  "pixel_accuracy": 0.7937106323242188,
  "mismatch_vs_fp32_teacher": 0.1728648376464844,
  "mean_iou": 0.6168464164665584,
  "clear_iou": 0.7377326035923069,
  "thick_cloud_iou": 0.7458698538568078,
  "thin_cloud_iou": 0.354450400496522,
  "cloud_shadow_iou": 0.629332807920597,
  "epoch": 1,
  "training_loss": 0.6940568482875824,
  "training_seconds": 26.02992880018428
}
Saved best checkpoint: qat/checkpoints/qat_int8_v26_best.pth
epoch=2/6 batch=10/125 loss=1.168833 gpu=0.191 GiB
epoch=2/6 batch=20/125 loss=2.547678 gpu=0.191 GiB
epoch=2/6 batch=30/125 loss=0.569524 gpu=0.191 GiB
epoch=2/6 batch=40/125 loss=0.309449 gpu=0.190 GiB
epoch=2/6 batch=50/125 loss=0.864943 gpu=0.191 GiB
epoch=2/6 batch=60/125 loss=0.686685 gpu=0.191 GiB
epoch=2/6 batch=70/125 loss=0.763885 gpu=0.190 GiB
epoch=2/6 batch=80/125 loss=1.439425 gpu=0.191 GiB
epoch=2/6 batch=90/125 loss=0.904600 gpu=0.191 GiB
epoch=2/6 batch=100/125 loss=0.452659 gpu=0.190 GiB
epoch=2/6 batch=110/125 loss=0.438377 gpu=0.191 GiB
epoch=2/6 batch=120/125 loss=0.486466 gpu=0.191 GiB
  validation batch 5/25
  validation batch 10/25
  validation batch 15/25
  validation batch 20/25
  validation batch 25/25
Epoch result:
{
  "pixel_accuracy": 0.7940750122070312,
  "mismatch_vs_fp32_teacher": 0.17707778930664062,
  "mean_iou": 0.6125701800338049,
  "clear_iou": 0.7404977736959314,
  "thick_cloud_iou": 0.7394968413669081,
  "thin_cloud_iou": 0.3573312077586504,
  "cloud_shadow_iou": 0.6129548973137298,
  "epoch": 2,
  "training_loss": 0.7482524491548538,
  "training_seconds": 24.482037600129843
}
epoch=3/6 batch=10/125 loss=0.304375 gpu=0.191 GiB
epoch=3/6 batch=20/125 loss=0.452183 gpu=0.190 GiB
epoch=3/6 batch=30/125 loss=0.425528 gpu=0.191 GiB
epoch=3/6 batch=40/125 loss=0.441569 gpu=0.191 GiB
epoch=3/6 batch=50/125 loss=0.517833 gpu=0.190 GiB
epoch=3/6 batch=60/125 loss=1.412377 gpu=0.191 GiB
epoch=3/6 batch=70/125 loss=0.923089 gpu=0.191 GiB
epoch=3/6 batch=80/125 loss=0.626089 gpu=0.190 GiB
epoch=3/6 batch=90/125 loss=1.218528 gpu=0.191 GiB
epoch=3/6 batch=100/125 loss=0.336165 gpu=0.191 GiB
epoch=3/6 batch=110/125 loss=0.451625 gpu=0.190 GiB
epoch=3/6 batch=120/125 loss=0.480717 gpu=0.191 GiB
  validation batch 5/25
  validation batch 10/25
  validation batch 15/25
  validation batch 20/25
  validation batch 25/25
Epoch result:
{
  "pixel_accuracy": 0.7891949462890625,
  "mismatch_vs_fp32_teacher": 0.1810242462158203,
  "mean_iou": 0.6055053132851937,
  "clear_iou": 0.7341688709439035,
  "thick_cloud_iou": 0.7364738430029301,
  "thin_cloud_iou": 0.3554548950098003,
  "cloud_shadow_iou": 0.595923644184141,
  "epoch": 3,
  "training_loss": 0.7111126885414124,
  "training_seconds": 24.72846829984337
}
epoch=4/6 batch=10/125 loss=0.655922 gpu=0.191 GiB
epoch=4/6 batch=20/125 loss=0.407570 gpu=0.191 GiB
epoch=4/6 batch=30/125 loss=0.444032 gpu=0.190 GiB
epoch=4/6 batch=40/125 loss=0.641316 gpu=0.191 GiB
epoch=4/6 batch=50/125 loss=0.586667 gpu=0.191 GiB
epoch=4/6 batch=60/125 loss=1.289041 gpu=0.190 GiB
epoch=4/6 batch=70/125 loss=0.887703 gpu=0.191 GiB
epoch=4/6 batch=80/125 loss=0.424119 gpu=0.191 GiB
epoch=4/6 batch=90/125 loss=0.406926 gpu=0.190 GiB
epoch=4/6 batch=100/125 loss=0.570787 gpu=0.191 GiB
epoch=4/6 batch=110/125 loss=0.498915 gpu=0.191 GiB
epoch=4/6 batch=120/125 loss=0.320586 gpu=0.190 GiB
  validation batch 5/25
  validation batch 10/25
  validation batch 15/25
  validation batch 20/25
  validation batch 25/25
Epoch result:
{
  "pixel_accuracy": 0.7928976440429687,
  "mismatch_vs_fp32_teacher": 0.17928695678710938,
  "mean_iou": 0.6097630868264418,
  "clear_iou": 0.7387681054910746,
  "thick_cloud_iou": 0.7389947834430086,
  "thin_cloud_iou": 0.3578753334653091,
  "cloud_shadow_iou": 0.6034141249063747,
  "epoch": 4,
  "training_loss": 0.7518878653049469,
  "training_seconds": 24.616387699730694
}
epoch=5/6 batch=10/125 loss=0.662585 gpu=0.190 GiB
epoch=5/6 batch=20/125 loss=0.272948 gpu=0.191 GiB
epoch=5/6 batch=30/125 loss=0.318034 gpu=0.191 GiB
epoch=5/6 batch=40/125 loss=0.395887 gpu=0.190 GiB
epoch=5/6 batch=50/125 loss=0.408022 gpu=0.191 GiB
epoch=5/6 batch=60/125 loss=0.534674 gpu=0.191 GiB
epoch=5/6 batch=70/125 loss=0.406867 gpu=0.190 GiB
epoch=5/6 batch=80/125 loss=0.397865 gpu=0.191 GiB
epoch=5/6 batch=90/125 loss=0.460594 gpu=0.191 GiB
epoch=5/6 batch=100/125 loss=0.487628 gpu=0.190 GiB
epoch=5/6 batch=110/125 loss=0.372923 gpu=0.191 GiB
epoch=5/6 batch=120/125 loss=0.313556 gpu=0.191 GiB
  validation batch 5/25
  validation batch 10/25
  validation batch 15/25
  validation batch 20/25
  validation batch 25/25
Epoch result:
{
  "pixel_accuracy": 0.7860631561279297,
  "mismatch_vs_fp32_teacher": 0.18325912475585937,
  "mean_iou": 0.6008535181600685,
  "clear_iou": 0.7297083885888151,
  "thick_cloud_iou": 0.7314706083711517,
  "thin_cloud_iou": 0.3584002145522634,
  "cloud_shadow_iou": 0.5838348611280437,
  "epoch": 5,
  "training_loss": 0.7150385143756867,
  "training_seconds": 24.681460699997842
}
epoch=6/6 batch=10/125 loss=0.276465 gpu=0.191 GiB
epoch=6/6 batch=20/125 loss=0.480135 gpu=0.190 GiB
epoch=6/6 batch=30/125 loss=0.814949 gpu=0.191 GiB
epoch=6/6 batch=40/125 loss=1.069602 gpu=0.191 GiB
epoch=6/6 batch=50/125 loss=0.420375 gpu=0.190 GiB
epoch=6/6 batch=60/125 loss=0.313345 gpu=0.191 GiB
epoch=6/6 batch=70/125 loss=0.460460 gpu=0.191 GiB
epoch=6/6 batch=80/125 loss=0.554201 gpu=0.190 GiB
epoch=6/6 batch=90/125 loss=0.534441 gpu=0.191 GiB
epoch=6/6 batch=100/125 loss=0.525504 gpu=0.191 GiB
epoch=6/6 batch=110/125 loss=0.591573 gpu=0.190 GiB
epoch=6/6 batch=120/125 loss=0.878099 gpu=0.191 GiB
  validation batch 5/25
  validation batch 10/25
  validation batch 15/25
  validation batch 20/25
  validation batch 25/25
Epoch result:
{
  "pixel_accuracy": 0.7896739959716796,
  "mismatch_vs_fp32_teacher": 0.17579513549804687,
  "mean_iou": 0.6077345427155111,
  "clear_iou": 0.7334089988730598,
  "thick_cloud_iou": 0.7378968943998909,
  "thin_cloud_iou": 0.3571742872570722,
  "cloud_shadow_iou": 0.6024579903320216,
  "epoch": 6,
  "training_loss": 0.706840674996376,
  "training_seconds": 24.705160799901932
}
Saved: qat/results/exploration_v10_v29/qat_int8_v26_training.json
QAT training complete.
