Class weights: [0.57589655057238, 0.9006642633334325, 1.2329679510749834, 1.2904712350192047]
Loading original FP32 teacher...
Creating QAT student from original weights...
QAT convolutions: 63
Loaded Version 2 checkpoint: qat\checkpoints\qat_int8_v9_best.pth
Frozen BatchNorm layers: 62
Evaluating QAT student before training...
  validation batch 5/25
  validation batch 10/25
  validation batch 15/25
  validation batch 20/25
  validation batch 25/25
{
  "pixel_accuracy": 0.7979537963867187,
  "mismatch_vs_fp32_teacher": 0.1704973602294922,
  "mean_iou": 0.6209757468253101,
  "clear_iou": 0.7429003794851835,
  "thick_cloud_iou": 0.7488139725688767,
  "thin_cloud_iou": 0.3615148528579619,
  "cloud_shadow_iou": 0.6306737823892185
}
epoch=1/8 batch=10/125 loss=0.352150 gpu=0.216 GiB
epoch=1/8 batch=20/125 loss=0.550589 gpu=0.217 GiB
epoch=1/8 batch=30/125 loss=0.806588 gpu=0.217 GiB
epoch=1/8 batch=40/125 loss=0.431231 gpu=0.216 GiB
epoch=1/8 batch=50/125 loss=0.559911 gpu=0.218 GiB
epoch=1/8 batch=60/125 loss=1.254167 gpu=0.216 GiB
epoch=1/8 batch=70/125 loss=0.558545 gpu=0.217 GiB
epoch=1/8 batch=80/125 loss=0.615515 gpu=0.217 GiB
epoch=1/8 batch=90/125 loss=0.721061 gpu=0.218 GiB
epoch=1/8 batch=100/125 loss=0.649180 gpu=0.216 GiB
epoch=1/8 batch=110/125 loss=0.491133 gpu=0.217 GiB
epoch=1/8 batch=120/125 loss=0.377248 gpu=0.217 GiB
  validation batch 5/25
  validation batch 10/25
  validation batch 15/25
  validation batch 20/25
  validation batch 25/25
Epoch result:
{
  "pixel_accuracy": 0.7945694732666015,
  "mismatch_vs_fp32_teacher": 0.17368011474609374,
  "mean_iou": 0.6152599223646724,
  "clear_iou": 0.7404247664346172,
  "thick_cloud_iou": 0.7388765252334226,
  "thin_cloud_iou": 0.36067392307528207,
  "cloud_shadow_iou": 0.6210644747153679,
  "epoch": 1,
  "training_loss": 0.7358317074775695,
  "training_seconds": 25.941824400331825
}
Saved best checkpoint: qat/checkpoints/qat_int8_v25_best.pth
epoch=2/8 batch=10/125 loss=1.249220 gpu=0.191 GiB
epoch=2/8 batch=20/125 loss=2.806613 gpu=0.191 GiB
epoch=2/8 batch=30/125 loss=0.620545 gpu=0.191 GiB
epoch=2/8 batch=40/125 loss=0.332232 gpu=0.190 GiB
epoch=2/8 batch=50/125 loss=1.174578 gpu=0.191 GiB
epoch=2/8 batch=60/125 loss=0.748403 gpu=0.191 GiB
epoch=2/8 batch=70/125 loss=0.817110 gpu=0.190 GiB
epoch=2/8 batch=80/125 loss=1.188938 gpu=0.191 GiB
epoch=2/8 batch=90/125 loss=1.045467 gpu=0.191 GiB
epoch=2/8 batch=100/125 loss=0.442634 gpu=0.190 GiB
epoch=2/8 batch=110/125 loss=0.470845 gpu=0.191 GiB
epoch=2/8 batch=120/125 loss=0.521046 gpu=0.191 GiB
  validation batch 5/25
  validation batch 10/25
  validation batch 15/25
  validation batch 20/25
  validation batch 25/25
Epoch result:
{
  "pixel_accuracy": 0.7939738464355469,
  "mismatch_vs_fp32_teacher": 0.17295578002929687,
  "mean_iou": 0.6160264875532693,
  "clear_iou": 0.7382875454621165,
  "thick_cloud_iou": 0.7470203995797516,
  "thin_cloud_iou": 0.355387465027784,
  "cloud_shadow_iou": 0.623410540143425,
  "epoch": 2,
  "training_loss": 0.7984941524267196,
  "training_seconds": 24.339695799630135
}
Saved best checkpoint: qat/checkpoints/qat_int8_v25_best.pth
epoch=3/8 batch=10/125 loss=0.309306 gpu=0.191 GiB
epoch=3/8 batch=20/125 loss=0.532287 gpu=0.190 GiB
epoch=3/8 batch=30/125 loss=0.461103 gpu=0.191 GiB
epoch=3/8 batch=40/125 loss=0.441260 gpu=0.191 GiB
epoch=3/8 batch=50/125 loss=0.519547 gpu=0.190 GiB
epoch=3/8 batch=60/125 loss=1.251566 gpu=0.191 GiB
epoch=3/8 batch=70/125 loss=1.104339 gpu=0.191 GiB
epoch=3/8 batch=80/125 loss=0.609391 gpu=0.190 GiB
epoch=3/8 batch=90/125 loss=1.319543 gpu=0.191 GiB
epoch=3/8 batch=100/125 loss=0.345416 gpu=0.191 GiB
epoch=3/8 batch=110/125 loss=0.489827 gpu=0.190 GiB
epoch=3/8 batch=120/125 loss=0.484685 gpu=0.191 GiB
  validation batch 5/25
  validation batch 10/25
  validation batch 15/25
  validation batch 20/25
  validation batch 25/25
Epoch result:
{
  "pixel_accuracy": 0.7916469573974609,
  "mismatch_vs_fp32_teacher": 0.17540618896484375,
  "mean_iou": 0.613141060890448,
  "clear_iou": 0.733942904135974,
  "thick_cloud_iou": 0.7450357308116395,
  "thin_cloud_iou": 0.35435730197074805,
  "cloud_shadow_iou": 0.6192283066434304,
  "epoch": 3,
  "training_loss": 0.7940056109428406,
  "training_seconds": 24.524252200033516
}
epoch=4/8 batch=10/125 loss=0.671011 gpu=0.191 GiB
epoch=4/8 batch=20/125 loss=0.450627 gpu=0.191 GiB
epoch=4/8 batch=30/125 loss=0.471720 gpu=0.190 GiB
epoch=4/8 batch=40/125 loss=0.727814 gpu=0.191 GiB
epoch=4/8 batch=50/125 loss=0.624174 gpu=0.191 GiB
epoch=4/8 batch=60/125 loss=1.724943 gpu=0.190 GiB
epoch=4/8 batch=70/125 loss=0.978640 gpu=0.191 GiB
epoch=4/8 batch=80/125 loss=0.452699 gpu=0.191 GiB
epoch=4/8 batch=90/125 loss=0.410202 gpu=0.190 GiB
epoch=4/8 batch=100/125 loss=0.732931 gpu=0.191 GiB
epoch=4/8 batch=110/125 loss=0.609519 gpu=0.191 GiB
epoch=4/8 batch=120/125 loss=0.347315 gpu=0.190 GiB
  validation batch 5/25
  validation batch 10/25
  validation batch 15/25
  validation batch 20/25
  validation batch 25/25
Epoch result:
{
  "pixel_accuracy": 0.7951119232177735,
  "mismatch_vs_fp32_teacher": 0.17446357727050782,
  "mean_iou": 0.6138823688329925,
  "clear_iou": 0.7427372146131286,
  "thick_cloud_iou": 0.7449289636109996,
  "thin_cloud_iou": 0.3587064175426642,
  "cloud_shadow_iou": 0.6091568795651778,
  "epoch": 4,
  "training_loss": 0.8465606713294983,
  "training_seconds": 24.266846100334078
}
epoch=5/8 batch=10/125 loss=0.828004 gpu=0.190 GiB
epoch=5/8 batch=20/125 loss=0.327146 gpu=0.191 GiB
epoch=5/8 batch=30/125 loss=0.334062 gpu=0.191 GiB
epoch=5/8 batch=40/125 loss=0.446748 gpu=0.190 GiB
epoch=5/8 batch=50/125 loss=0.394570 gpu=0.191 GiB
epoch=5/8 batch=60/125 loss=0.535497 gpu=0.191 GiB
epoch=5/8 batch=70/125 loss=0.412315 gpu=0.190 GiB
epoch=5/8 batch=80/125 loss=0.413664 gpu=0.191 GiB
epoch=5/8 batch=90/125 loss=0.472768 gpu=0.191 GiB
epoch=5/8 batch=100/125 loss=0.493168 gpu=0.190 GiB
epoch=5/8 batch=110/125 loss=0.365827 gpu=0.191 GiB
epoch=5/8 batch=120/125 loss=0.302494 gpu=0.191 GiB
  validation batch 5/25
  validation batch 10/25
  validation batch 15/25
  validation batch 20/25
  validation batch 25/25
Epoch result:
{
  "pixel_accuracy": 0.7910485076904297,
  "mismatch_vs_fp32_teacher": 0.1771337127685547,
  "mean_iou": 0.609136737283789,
  "clear_iou": 0.7358944364705807,
  "thick_cloud_iou": 0.7378388352071686,
  "thin_cloud_iou": 0.35777355219708534,
  "cloud_shadow_iou": 0.6050401252603212,
  "epoch": 5,
  "training_loss": 0.7797820975780487,
  "training_seconds": 24.26829249970615
}
epoch=6/8 batch=10/125 loss=0.299188 gpu=0.191 GiB
epoch=6/8 batch=20/125 loss=0.468039 gpu=0.190 GiB
epoch=6/8 batch=30/125 loss=0.249417 gpu=0.191 GiB
epoch=6/8 batch=40/125 loss=1.244937 gpu=0.191 GiB
epoch=6/8 batch=50/125 loss=0.468434 gpu=0.190 GiB
epoch=6/8 batch=60/125 loss=0.315404 gpu=0.191 GiB
epoch=6/8 batch=70/125 loss=1.245059 gpu=0.191 GiB
epoch=6/8 batch=80/125 loss=0.547506 gpu=0.190 GiB
epoch=6/8 batch=90/125 loss=0.666537 gpu=0.191 GiB
epoch=6/8 batch=100/125 loss=0.539715 gpu=0.191 GiB
epoch=6/8 batch=110/125 loss=0.703264 gpu=0.190 GiB
epoch=6/8 batch=120/125 loss=1.005968 gpu=0.191 GiB
  validation batch 5/25
  validation batch 10/25
  validation batch 15/25
  validation batch 20/25
  validation batch 25/25
Epoch result:
{
  "pixel_accuracy": 0.7925611877441406,
  "mismatch_vs_fp32_teacher": 0.1787177276611328,
  "mean_iou": 0.6109735880420312,
  "clear_iou": 0.739975547058582,
  "thick_cloud_iou": 0.7373054243797144,
  "thin_cloud_iou": 0.3547180593390058,
  "cloud_shadow_iou": 0.6118953213908224,
  "epoch": 6,
  "training_loss": 0.767186041355133,
  "training_seconds": 24.26007329998538
}
epoch=7/8 batch=10/125 loss=0.388381 gpu=0.191 GiB
epoch=7/8 batch=20/125 loss=0.514770 gpu=0.191 GiB
epoch=7/8 batch=30/125 loss=0.506092 gpu=0.190 GiB
epoch=7/8 batch=40/125 loss=0.452662 gpu=0.191 GiB
epoch=7/8 batch=50/125 loss=0.572258 gpu=0.191 GiB
epoch=7/8 batch=60/125 loss=0.669306 gpu=0.190 GiB
epoch=7/8 batch=70/125 loss=0.535933 gpu=0.191 GiB
epoch=7/8 batch=80/125 loss=0.479026 gpu=0.191 GiB
epoch=7/8 batch=90/125 loss=0.401437 gpu=0.190 GiB
epoch=7/8 batch=100/125 loss=0.720986 gpu=0.191 GiB
epoch=7/8 batch=110/125 loss=1.231354 gpu=0.191 GiB
epoch=7/8 batch=120/125 loss=0.430766 gpu=0.190 GiB
  validation batch 5/25
  validation batch 10/25
  validation batch 15/25
  validation batch 20/25
  validation batch 25/25
Epoch result:
{
  "pixel_accuracy": 0.788581314086914,
  "mismatch_vs_fp32_teacher": 0.18066619873046874,
  "mean_iou": 0.6040672982882302,
  "clear_iou": 0.7350217650964823,
  "thick_cloud_iou": 0.7325377841830845,
  "thin_cloud_iou": 0.3605797169043099,
  "cloud_shadow_iou": 0.5881299269690443,
  "epoch": 7,
  "training_loss": 0.6755585458278656,
  "training_seconds": 24.621247100178152
}
epoch=8/8 batch=10/125 loss=0.712797 gpu=0.190 GiB
epoch=8/8 batch=20/125 loss=0.569683 gpu=0.191 GiB
epoch=8/8 batch=30/125 loss=0.426665 gpu=0.191 GiB
epoch=8/8 batch=40/125 loss=0.928017 gpu=0.190 GiB
epoch=8/8 batch=50/125 loss=0.465303 gpu=0.191 GiB
epoch=8/8 batch=60/125 loss=1.054802 gpu=0.191 GiB
epoch=8/8 batch=70/125 loss=0.626754 gpu=0.190 GiB
epoch=8/8 batch=80/125 loss=0.354129 gpu=0.191 GiB
epoch=8/8 batch=90/125 loss=0.366894 gpu=0.191 GiB
epoch=8/8 batch=100/125 loss=0.499402 gpu=0.190 GiB
epoch=8/8 batch=110/125 loss=1.602810 gpu=0.191 GiB
epoch=8/8 batch=120/125 loss=0.845161 gpu=0.191 GiB
  validation batch 5/25
  validation batch 10/25
  validation batch 15/25
  validation batch 20/25
  validation batch 25/25
Epoch result:
{
  "pixel_accuracy": 0.7936360931396484,
  "mismatch_vs_fp32_teacher": 0.17589706420898438,
  "mean_iou": 0.6125179515064063,
  "clear_iou": 0.7414777725523424,
  "thick_cloud_iou": 0.7371388894367366,
  "thin_cloud_iou": 0.3643342906003998,
  "cloud_shadow_iou": 0.6071208534361467,
  "epoch": 8,
  "training_loss": 0.7589140532016754,
  "training_seconds": 24.90397709980607
}
Saved: qat/results/exploration_v10_v29/qat_int8_v25_training.json
QAT training complete.
