Class weights: [0.57589655057238, 0.9006642633334325, 1.2329679510749834, 1.2904712350192047]
Loading original FP32 teacher...
Creating QAT student from original weights...
QAT convolutions: 63
Loaded Version 2 checkpoint: qat\checkpoints\qat_int8_v9_best.pth
Frozen BatchNorm layers: 62
Evaluating QAT student before training...
  validation batch 5/25
  validation batch 10/25
  validation batch 15/25
  validation batch 20/25
  validation batch 25/25
{
  "pixel_accuracy": 0.7957666015625,
  "mismatch_vs_fp32_teacher": 0.16901092529296874,
  "mean_iou": 0.6203992364718852,
  "clear_iou": 0.7402824476608264,
  "thick_cloud_iou": 0.7457253010892265,
  "thin_cloud_iou": 0.3601510143877256,
  "cloud_shadow_iou": 0.6354381827497622
}
epoch=1/10 batch=10/125 loss=0.353034 gpu=0.216 GiB
epoch=1/10 batch=20/125 loss=0.550724 gpu=0.217 GiB
epoch=1/10 batch=30/125 loss=0.837571 gpu=0.217 GiB
epoch=1/10 batch=40/125 loss=0.454536 gpu=0.216 GiB
epoch=1/10 batch=50/125 loss=0.586706 gpu=0.218 GiB
epoch=1/10 batch=60/125 loss=1.345703 gpu=0.216 GiB
epoch=1/10 batch=70/125 loss=0.542928 gpu=0.217 GiB
epoch=1/10 batch=80/125 loss=0.580309 gpu=0.217 GiB
epoch=1/10 batch=90/125 loss=0.692230 gpu=0.218 GiB
epoch=1/10 batch=100/125 loss=0.595694 gpu=0.216 GiB
epoch=1/10 batch=110/125 loss=0.459798 gpu=0.217 GiB
epoch=1/10 batch=120/125 loss=0.365325 gpu=0.217 GiB
  validation batch 5/25
  validation batch 10/25
  validation batch 15/25
  validation batch 20/25
  validation batch 25/25
Epoch result:
{
  "pixel_accuracy": 0.7950409698486328,
  "mismatch_vs_fp32_teacher": 0.17237091064453125,
  "mean_iou": 0.617967435254972,
  "clear_iou": 0.7394528120091354,
  "thick_cloud_iou": 0.7452570873972744,
  "thin_cloud_iou": 0.36013102753247983,
  "cloud_shadow_iou": 0.6270288140809986,
  "epoch": 1,
  "training_loss": 0.7558309264183044,
  "training_seconds": 25.933203199878335
}
Saved best checkpoint: qat/checkpoints/qat_int8_v15_best.pth
epoch=2/10 batch=10/125 loss=1.270560 gpu=0.191 GiB
epoch=2/10 batch=20/125 loss=2.411971 gpu=0.191 GiB
epoch=2/10 batch=30/125 loss=0.606837 gpu=0.191 GiB
epoch=2/10 batch=40/125 loss=0.330790 gpu=0.190 GiB
epoch=2/10 batch=50/125 loss=1.007642 gpu=0.191 GiB
epoch=2/10 batch=60/125 loss=0.699085 gpu=0.191 GiB
epoch=2/10 batch=70/125 loss=0.819336 gpu=0.190 GiB
epoch=2/10 batch=80/125 loss=1.715513 gpu=0.191 GiB
epoch=2/10 batch=90/125 loss=0.982292 gpu=0.191 GiB
epoch=2/10 batch=100/125 loss=0.458154 gpu=0.190 GiB
epoch=2/10 batch=110/125 loss=0.455307 gpu=0.191 GiB
epoch=2/10 batch=120/125 loss=0.495747 gpu=0.191 GiB
  validation batch 5/25
  validation batch 10/25
  validation batch 15/25
  validation batch 20/25
  validation batch 25/25
Epoch result:
{
  "pixel_accuracy": 0.7953339385986328,
  "mismatch_vs_fp32_teacher": 0.1713201904296875,
  "mean_iou": 0.6185846096730464,
  "clear_iou": 0.739728250090827,
  "thick_cloud_iou": 0.7467806000060816,
  "thin_cloud_iou": 0.36189471743339174,
  "cloud_shadow_iou": 0.6259348711618852,
  "epoch": 2,
  "training_loss": 0.8059311987161636,
  "training_seconds": 24.607828699983656
}
Saved best checkpoint: qat/checkpoints/qat_int8_v15_best.pth
epoch=3/10 batch=10/125 loss=0.321431 gpu=0.191 GiB
epoch=3/10 batch=20/125 loss=0.394654 gpu=0.190 GiB
epoch=3/10 batch=30/125 loss=0.468744 gpu=0.191 GiB
epoch=3/10 batch=40/125 loss=0.443548 gpu=0.191 GiB
epoch=3/10 batch=50/125 loss=0.527583 gpu=0.190 GiB
epoch=3/10 batch=60/125 loss=1.415731 gpu=0.191 GiB
epoch=3/10 batch=70/125 loss=1.124916 gpu=0.191 GiB
epoch=3/10 batch=80/125 loss=0.592521 gpu=0.190 GiB
epoch=3/10 batch=90/125 loss=1.397834 gpu=0.191 GiB
epoch=3/10 batch=100/125 loss=0.329461 gpu=0.191 GiB
epoch=3/10 batch=110/125 loss=0.469377 gpu=0.190 GiB
epoch=3/10 batch=120/125 loss=0.502808 gpu=0.191 GiB
  validation batch 5/25
  validation batch 10/25
  validation batch 15/25
  validation batch 20/25
  validation batch 25/25
Epoch result:
{
  "pixel_accuracy": 0.792359848022461,
  "mismatch_vs_fp32_teacher": 0.17535133361816407,
  "mean_iou": 0.6142837131529053,
  "clear_iou": 0.7354047478197425,
  "thick_cloud_iou": 0.7466636253494554,
  "thin_cloud_iou": 0.3548794953727705,
  "cloud_shadow_iou": 0.6201869840696528,
  "epoch": 3,
  "training_loss": 0.7790728251934051,
  "training_seconds": 24.692463300190866
}
epoch=4/10 batch=10/125 loss=0.648760 gpu=0.191 GiB
epoch=4/10 batch=20/125 loss=0.443960 gpu=0.191 GiB
epoch=4/10 batch=30/125 loss=0.504453 gpu=0.190 GiB
epoch=4/10 batch=40/125 loss=0.744833 gpu=0.191 GiB
epoch=4/10 batch=50/125 loss=0.614900 gpu=0.191 GiB
epoch=4/10 batch=60/125 loss=1.756376 gpu=0.190 GiB
epoch=4/10 batch=70/125 loss=1.015261 gpu=0.191 GiB
epoch=4/10 batch=80/125 loss=0.435686 gpu=0.191 GiB
epoch=4/10 batch=90/125 loss=0.435941 gpu=0.190 GiB
epoch=4/10 batch=100/125 loss=0.716076 gpu=0.191 GiB
epoch=4/10 batch=110/125 loss=0.592533 gpu=0.191 GiB
epoch=4/10 batch=120/125 loss=0.372375 gpu=0.190 GiB
  validation batch 5/25
  validation batch 10/25
  validation batch 15/25
  validation batch 20/25
  validation batch 25/25
Epoch result:
{
  "pixel_accuracy": 0.7908715057373047,
  "mismatch_vs_fp32_teacher": 0.17646965026855468,
  "mean_iou": 0.6116250603960132,
  "clear_iou": 0.7332220650865318,
  "thick_cloud_iou": 0.742681335822158,
  "thin_cloud_iou": 0.35626878088643016,
  "cloud_shadow_iou": 0.6143280597889328,
  "epoch": 4,
  "training_loss": 0.8577990643978118,
  "training_seconds": 24.556392200291157
}
epoch=5/10 batch=10/125 loss=0.710759 gpu=0.190 GiB
epoch=5/10 batch=20/125 loss=0.311374 gpu=0.191 GiB
epoch=5/10 batch=30/125 loss=0.321719 gpu=0.191 GiB
epoch=5/10 batch=40/125 loss=0.470119 gpu=0.190 GiB
epoch=5/10 batch=50/125 loss=0.396831 gpu=0.191 GiB
epoch=5/10 batch=60/125 loss=0.511074 gpu=0.191 GiB
epoch=5/10 batch=70/125 loss=0.422155 gpu=0.190 GiB
epoch=5/10 batch=80/125 loss=0.443850 gpu=0.191 GiB
epoch=5/10 batch=90/125 loss=0.514631 gpu=0.191 GiB
epoch=5/10 batch=100/125 loss=0.522917 gpu=0.190 GiB
epoch=5/10 batch=110/125 loss=0.372828 gpu=0.191 GiB
epoch=5/10 batch=120/125 loss=0.322344 gpu=0.191 GiB
  validation batch 5/25
  validation batch 10/25
  validation batch 15/25
  validation batch 20/25
  validation batch 25/25
Epoch result:
{
  "pixel_accuracy": 0.7910124969482422,
  "mismatch_vs_fp32_teacher": 0.1756792449951172,
  "mean_iou": 0.6122302908226648,
  "clear_iou": 0.7329286041640095,
  "thick_cloud_iou": 0.7421491471333367,
  "thin_cloud_iou": 0.35934005176122513,
  "cloud_shadow_iou": 0.614503360232088,
  "epoch": 5,
  "training_loss": 0.8072679526805878,
  "training_seconds": 24.671788999810815
}
epoch=6/10 batch=10/125 loss=0.308045 gpu=0.191 GiB
epoch=6/10 batch=20/125 loss=0.456525 gpu=0.190 GiB
epoch=6/10 batch=30/125 loss=0.976514 gpu=0.191 GiB
epoch=6/10 batch=40/125 loss=1.220951 gpu=0.191 GiB
epoch=6/10 batch=50/125 loss=0.453416 gpu=0.190 GiB
epoch=6/10 batch=60/125 loss=0.329125 gpu=0.191 GiB
epoch=6/10 batch=70/125 loss=0.845544 gpu=0.191 GiB
epoch=6/10 batch=80/125 loss=0.528301 gpu=0.190 GiB
epoch=6/10 batch=90/125 loss=0.730549 gpu=0.191 GiB
epoch=6/10 batch=100/125 loss=0.552204 gpu=0.191 GiB
epoch=6/10 batch=110/125 loss=0.408042 gpu=0.190 GiB
epoch=6/10 batch=120/125 loss=0.923816 gpu=0.191 GiB
  validation batch 5/25
  validation batch 10/25
  validation batch 15/25
  validation batch 20/25
  validation batch 25/25
Epoch result:
{
  "pixel_accuracy": 0.7919783782958985,
  "mismatch_vs_fp32_teacher": 0.17487106323242188,
  "mean_iou": 0.6136063279364934,
  "clear_iou": 0.7350508099731766,
  "thick_cloud_iou": 0.7435477980906103,
  "thin_cloud_iou": 0.35752126804819345,
  "cloud_shadow_iou": 0.6183054356339933,
  "epoch": 6,
  "training_loss": 0.7584077260494232,
  "training_seconds": 24.26903670001775
}
epoch=7/10 batch=10/125 loss=0.357200 gpu=0.191 GiB
epoch=7/10 batch=20/125 loss=0.486880 gpu=0.191 GiB
epoch=7/10 batch=30/125 loss=0.638023 gpu=0.190 GiB
epoch=7/10 batch=40/125 loss=0.438979 gpu=0.191 GiB
epoch=7/10 batch=50/125 loss=0.534062 gpu=0.191 GiB
epoch=7/10 batch=60/125 loss=1.230397 gpu=0.190 GiB
epoch=7/10 batch=70/125 loss=0.547349 gpu=0.191 GiB
epoch=7/10 batch=80/125 loss=0.918180 gpu=0.191 GiB
epoch=7/10 batch=90/125 loss=0.389172 gpu=0.190 GiB
epoch=7/10 batch=100/125 loss=0.655485 gpu=0.191 GiB
epoch=7/10 batch=110/125 loss=1.260174 gpu=0.191 GiB
epoch=7/10 batch=120/125 loss=0.424914 gpu=0.190 GiB
  validation batch 5/25
  validation batch 10/25
  validation batch 15/25
  validation batch 20/25
  validation batch 25/25
Epoch result:
{
  "pixel_accuracy": 0.7939987182617188,
  "mismatch_vs_fp32_teacher": 0.17498794555664063,
  "mean_iou": 0.6158064210727452,
  "clear_iou": 0.7379656874181896,
  "thick_cloud_iou": 0.7416734537337487,
  "thin_cloud_iou": 0.35875199491800336,
  "cloud_shadow_iou": 0.6248345482210391,
  "epoch": 7,
  "training_loss": 0.6991772503852844,
  "training_seconds": 24.72295350022614
}
epoch=8/10 batch=10/125 loss=0.785593 gpu=0.190 GiB
epoch=8/10 batch=20/125 loss=0.581522 gpu=0.191 GiB
epoch=8/10 batch=30/125 loss=0.420413 gpu=0.191 GiB
epoch=8/10 batch=40/125 loss=0.863150 gpu=0.190 GiB
epoch=8/10 batch=50/125 loss=0.444804 gpu=0.191 GiB
epoch=8/10 batch=60/125 loss=1.161520 gpu=0.191 GiB
epoch=8/10 batch=70/125 loss=0.610950 gpu=0.190 GiB
epoch=8/10 batch=80/125 loss=0.317632 gpu=0.191 GiB
epoch=8/10 batch=90/125 loss=0.371794 gpu=0.191 GiB
epoch=8/10 batch=100/125 loss=1.068598 gpu=0.190 GiB
epoch=8/10 batch=110/125 loss=1.490492 gpu=0.191 GiB
epoch=8/10 batch=120/125 loss=0.845420 gpu=0.191 GiB
  validation batch 5/25
  validation batch 10/25
  validation batch 15/25
  validation batch 20/25
  validation batch 25/25
Epoch result:
{
  "pixel_accuracy": 0.7938941192626953,
  "mismatch_vs_fp32_teacher": 0.17409614562988282,
  "mean_iou": 0.6155810317338654,
  "clear_iou": 0.7388673217384439,
  "thick_cloud_iou": 0.7432534658879428,
  "thin_cloud_iou": 0.35755906475248306,
  "cloud_shadow_iou": 0.6226442745565918,
  "epoch": 8,
  "training_loss": 0.770643290758133,
  "training_seconds": 24.508667500223964
}
epoch=9/10 batch=10/125 loss=2.604418 gpu=0.191 GiB
epoch=9/10 batch=20/125 loss=1.361480 gpu=0.190 GiB
epoch=9/10 batch=30/125 loss=1.978296 gpu=0.191 GiB
epoch=9/10 batch=40/125 loss=0.845442 gpu=0.191 GiB
epoch=9/10 batch=50/125 loss=1.118626 gpu=0.190 GiB
epoch=9/10 batch=60/125 loss=1.030734 gpu=0.191 GiB
epoch=9/10 batch=70/125 loss=1.935687 gpu=0.191 GiB
epoch=9/10 batch=80/125 loss=1.176668 gpu=0.190 GiB
epoch=9/10 batch=90/125 loss=0.571391 gpu=0.191 GiB
epoch=9/10 batch=100/125 loss=0.845123 gpu=0.191 GiB
epoch=9/10 batch=110/125 loss=0.530212 gpu=0.190 GiB
epoch=9/10 batch=120/125 loss=0.710358 gpu=0.191 GiB
  validation batch 5/25
  validation batch 10/25
  validation batch 15/25
  validation batch 20/25
  validation batch 25/25
Epoch result:
{
  "pixel_accuracy": 0.7918150329589844,
  "mismatch_vs_fp32_teacher": 0.1750464630126953,
  "mean_iou": 0.6116723818848391,
  "clear_iou": 0.7376532889055967,
  "thick_cloud_iou": 0.7387398078695775,
  "thin_cloud_iou": 0.36048475414109443,
  "cloud_shadow_iou": 0.6098116766230879,
  "epoch": 9,
  "training_loss": 0.7592315841913223,
  "training_seconds": 24.588758499827236
}
epoch=10/10 batch=10/125 loss=0.476244 gpu=0.191 GiB
epoch=10/10 batch=20/125 loss=1.036527 gpu=0.191 GiB
epoch=10/10 batch=30/125 loss=1.033299 gpu=0.190 GiB
epoch=10/10 batch=40/125 loss=1.005033 gpu=0.191 GiB
epoch=10/10 batch=50/125 loss=1.351490 gpu=0.191 GiB
epoch=10/10 batch=60/125 loss=1.137055 gpu=0.190 GiB
epoch=10/10 batch=70/125 loss=0.324327 gpu=0.191 GiB
epoch=10/10 batch=80/125 loss=1.745585 gpu=0.191 GiB
epoch=10/10 batch=90/125 loss=0.525513 gpu=0.190 GiB
epoch=10/10 batch=100/125 loss=0.700036 gpu=0.191 GiB
epoch=10/10 batch=110/125 loss=0.263011 gpu=0.191 GiB
epoch=10/10 batch=120/125 loss=0.780107 gpu=0.190 GiB
  validation batch 5/25
  validation batch 10/25
  validation batch 15/25
  validation batch 20/25
  validation batch 25/25
Epoch result:
{
  "pixel_accuracy": 0.7914418792724609,
  "mismatch_vs_fp32_teacher": 0.1766040802001953,
  "mean_iou": 0.6121258530419069,
  "clear_iou": 0.7377167433341105,
  "thick_cloud_iou": 0.7362841978669317,
  "thin_cloud_iou": 0.3568635510423344,
  "cloud_shadow_iou": 0.6176389199242511,
  "epoch": 10,
  "training_loss": 0.7887961769104004,
  "training_seconds": 24.439526499714702
}
Saved: qat/results/exploration_v10_v29/qat_int8_v15_training.json
QAT training complete.
