Class weights: [0.57589655057238, 0.9006642633334325, 1.2329679510749834, 1.2904712350192047]
Loading original FP32 teacher...
Creating QAT student from original weights...
QAT convolutions: 63
Loaded Version 2 checkpoint: qat\checkpoints\qat_int8_v9_best.pth
Frozen BatchNorm layers: 62
Evaluating QAT student before training...
  validation batch 5/25
  validation batch 10/25
  validation batch 15/25
  validation batch 20/25
  validation batch 25/25
{
  "pixel_accuracy": 0.7979537963867187,
  "mismatch_vs_fp32_teacher": 0.1704973602294922,
  "mean_iou": 0.6209757468253101,
  "clear_iou": 0.7429003794851835,
  "thick_cloud_iou": 0.7488139725688767,
  "thin_cloud_iou": 0.3615148528579619,
  "cloud_shadow_iou": 0.6306737823892185
}
epoch=1/6 batch=10/125 loss=0.339826 gpu=0.216 GiB
epoch=1/6 batch=20/125 loss=0.563924 gpu=0.217 GiB
epoch=1/6 batch=30/125 loss=0.775848 gpu=0.217 GiB
epoch=1/6 batch=40/125 loss=0.418789 gpu=0.216 GiB
epoch=1/6 batch=50/125 loss=0.588098 gpu=0.218 GiB
epoch=1/6 batch=60/125 loss=1.206757 gpu=0.216 GiB
epoch=1/6 batch=70/125 loss=0.532645 gpu=0.217 GiB
epoch=1/6 batch=80/125 loss=0.643914 gpu=0.217 GiB
epoch=1/6 batch=90/125 loss=0.705302 gpu=0.218 GiB
epoch=1/6 batch=100/125 loss=0.613503 gpu=0.216 GiB
epoch=1/6 batch=110/125 loss=0.450377 gpu=0.217 GiB
epoch=1/6 batch=120/125 loss=0.378838 gpu=0.217 GiB
  validation batch 5/25
  validation batch 10/25
  validation batch 15/25
  validation batch 20/25
  validation batch 25/25
Epoch result:
{
  "pixel_accuracy": 0.7967283630371094,
  "mismatch_vs_fp32_teacher": 0.17139907836914062,
  "mean_iou": 0.6199960012667644,
  "clear_iou": 0.7419332966652672,
  "thick_cloud_iou": 0.7468061735850959,
  "thin_cloud_iou": 0.3586710390583271,
  "cloud_shadow_iou": 0.6325734957583671,
  "epoch": 1,
  "training_loss": 0.7069576916694641,
  "training_seconds": 25.827356799971312
}
Saved best checkpoint: qat/checkpoints/qat_int8_v27_best.pth
epoch=2/6 batch=10/125 loss=1.147679 gpu=0.191 GiB
epoch=2/6 batch=20/125 loss=2.337800 gpu=0.191 GiB
epoch=2/6 batch=30/125 loss=0.593195 gpu=0.191 GiB
epoch=2/6 batch=40/125 loss=0.317349 gpu=0.190 GiB
epoch=2/6 batch=50/125 loss=0.876629 gpu=0.191 GiB
epoch=2/6 batch=60/125 loss=0.689889 gpu=0.191 GiB
epoch=2/6 batch=70/125 loss=0.803944 gpu=0.190 GiB
epoch=2/6 batch=80/125 loss=1.197092 gpu=0.191 GiB
epoch=2/6 batch=90/125 loss=0.946740 gpu=0.191 GiB
epoch=2/6 batch=100/125 loss=0.461372 gpu=0.190 GiB
epoch=2/6 batch=110/125 loss=0.436802 gpu=0.191 GiB
epoch=2/6 batch=120/125 loss=0.512379 gpu=0.191 GiB
  validation batch 5/25
  validation batch 10/25
  validation batch 15/25
  validation batch 20/25
  validation batch 25/25
Epoch result:
{
  "pixel_accuracy": 0.7940921783447266,
  "mismatch_vs_fp32_teacher": 0.1773918914794922,
  "mean_iou": 0.6124570985223584,
  "clear_iou": 0.7392838204984448,
  "thick_cloud_iou": 0.741357933834925,
  "thin_cloud_iou": 0.3570598410570261,
  "cloud_shadow_iou": 0.612126798699038,
  "epoch": 2,
  "training_loss": 0.7650871393680573,
  "training_seconds": 24.596005499828607
}
epoch=3/6 batch=10/125 loss=0.314569 gpu=0.191 GiB
epoch=3/6 batch=20/125 loss=0.527082 gpu=0.190 GiB
epoch=3/6 batch=30/125 loss=0.428619 gpu=0.191 GiB
epoch=3/6 batch=40/125 loss=0.440876 gpu=0.191 GiB
epoch=3/6 batch=50/125 loss=0.530792 gpu=0.190 GiB
epoch=3/6 batch=60/125 loss=1.487678 gpu=0.191 GiB
epoch=3/6 batch=70/125 loss=0.948401 gpu=0.191 GiB
epoch=3/6 batch=80/125 loss=0.612592 gpu=0.190 GiB
epoch=3/6 batch=90/125 loss=1.116021 gpu=0.191 GiB
epoch=3/6 batch=100/125 loss=0.328295 gpu=0.191 GiB
epoch=3/6 batch=110/125 loss=0.459962 gpu=0.190 GiB
epoch=3/6 batch=120/125 loss=0.463759 gpu=0.191 GiB
  validation batch 5/25
  validation batch 10/25
  validation batch 15/25
  validation batch 20/25
  validation batch 25/25
Epoch result:
{
  "pixel_accuracy": 0.7888848876953125,
  "mismatch_vs_fp32_teacher": 0.18144935607910156,
  "mean_iou": 0.6055516428785563,
  "clear_iou": 0.7329833271585027,
  "thick_cloud_iou": 0.737567302604512,
  "thin_cloud_iou": 0.35488195773749204,
  "cloud_shadow_iou": 0.5967739840137186,
  "epoch": 3,
  "training_loss": 0.721181060552597,
  "training_seconds": 24.71337249968201
}
epoch=4/6 batch=10/125 loss=0.672398 gpu=0.191 GiB
epoch=4/6 batch=20/125 loss=0.417030 gpu=0.191 GiB
epoch=4/6 batch=30/125 loss=0.463841 gpu=0.190 GiB
epoch=4/6 batch=40/125 loss=0.645024 gpu=0.191 GiB
epoch=4/6 batch=50/125 loss=0.591499 gpu=0.191 GiB
epoch=4/6 batch=60/125 loss=1.272249 gpu=0.190 GiB
epoch=4/6 batch=70/125 loss=0.906241 gpu=0.191 GiB
epoch=4/6 batch=80/125 loss=0.429694 gpu=0.191 GiB
epoch=4/6 batch=90/125 loss=0.415359 gpu=0.190 GiB
epoch=4/6 batch=100/125 loss=0.582139 gpu=0.191 GiB
epoch=4/6 batch=110/125 loss=0.521576 gpu=0.191 GiB
epoch=4/6 batch=120/125 loss=0.321422 gpu=0.190 GiB
  validation batch 5/25
  validation batch 10/25
  validation batch 15/25
  validation batch 20/25
  validation batch 25/25
Epoch result:
{
  "pixel_accuracy": 0.7891421508789063,
  "mismatch_vs_fp32_teacher": 0.18102066040039064,
  "mean_iou": 0.6067601841180321,
  "clear_iou": 0.7339133491942065,
  "thick_cloud_iou": 0.7384699345194203,
  "thin_cloud_iou": 0.3529493556481125,
  "cloud_shadow_iou": 0.6017080971103893,
  "epoch": 4,
  "training_loss": 0.7779239897727966,
  "training_seconds": 24.543227500282228
}
epoch=5/6 batch=10/125 loss=0.823604 gpu=0.190 GiB
epoch=5/6 batch=20/125 loss=0.262538 gpu=0.191 GiB
epoch=5/6 batch=30/125 loss=0.307321 gpu=0.191 GiB
epoch=5/6 batch=40/125 loss=0.435192 gpu=0.190 GiB
epoch=5/6 batch=50/125 loss=0.398542 gpu=0.191 GiB
epoch=5/6 batch=60/125 loss=0.553995 gpu=0.191 GiB
epoch=5/6 batch=70/125 loss=0.402198 gpu=0.190 GiB
epoch=5/6 batch=80/125 loss=0.410978 gpu=0.191 GiB
epoch=5/6 batch=90/125 loss=0.457469 gpu=0.191 GiB
epoch=5/6 batch=100/125 loss=0.469273 gpu=0.190 GiB
epoch=5/6 batch=110/125 loss=0.379683 gpu=0.191 GiB
epoch=5/6 batch=120/125 loss=0.305537 gpu=0.191 GiB
  validation batch 5/25
  validation batch 10/25
  validation batch 15/25
  validation batch 20/25
  validation batch 25/25
Epoch result:
{
  "pixel_accuracy": 0.787599868774414,
  "mismatch_vs_fp32_teacher": 0.1813756561279297,
  "mean_iou": 0.6041253980857734,
  "clear_iou": 0.731538028674932,
  "thick_cloud_iou": 0.7351753059371728,
  "thin_cloud_iou": 0.36106473081065343,
  "cloud_shadow_iou": 0.588723526920335,
  "epoch": 5,
  "training_loss": 0.731123208284378,
  "training_seconds": 24.680445000063628
}
epoch=6/6 batch=10/125 loss=0.275724 gpu=0.191 GiB
epoch=6/6 batch=20/125 loss=0.481124 gpu=0.190 GiB
epoch=6/6 batch=30/125 loss=0.906833 gpu=0.191 GiB
epoch=6/6 batch=40/125 loss=1.060923 gpu=0.191 GiB
epoch=6/6 batch=50/125 loss=0.422646 gpu=0.190 GiB
epoch=6/6 batch=60/125 loss=0.310542 gpu=0.191 GiB
epoch=6/6 batch=70/125 loss=0.966773 gpu=0.191 GiB
epoch=6/6 batch=80/125 loss=0.541050 gpu=0.190 GiB
epoch=6/6 batch=90/125 loss=0.485319 gpu=0.191 GiB
epoch=6/6 batch=100/125 loss=0.527714 gpu=0.191 GiB
epoch=6/6 batch=110/125 loss=0.462727 gpu=0.190 GiB
epoch=6/6 batch=120/125 loss=0.930657 gpu=0.191 GiB
  validation batch 5/25
  validation batch 10/25
  validation batch 15/25
  validation batch 20/25
  validation batch 25/25
Epoch result:
{
  "pixel_accuracy": 0.785810317993164,
  "mismatch_vs_fp32_teacher": 0.1763671112060547,
  "mean_iou": 0.6045500790937771,
  "clear_iou": 0.727686250484362,
  "thick_cloud_iou": 0.7360278710706539,
  "thin_cloud_iou": 0.3585927682089401,
  "cloud_shadow_iou": 0.5958934266111524,
  "epoch": 6,
  "training_loss": 0.7469127632379532,
  "training_seconds": 24.51226839981973
}
Saved: qat/results/exploration_v10_v29/qat_int8_v27_training.json
QAT training complete.
