Class weights: [0.57589655057238, 0.9006642633334325, 1.2329679510749834, 1.2904712350192047]
Loading original FP32 teacher...
Creating QAT student from original weights...
QAT convolutions: 63
Loaded Version 2 checkpoint: qat\checkpoints\qat_int8_v9_best.pth
Frozen BatchNorm layers: 62
Evaluating QAT student before training...
  validation batch 5/25
  validation batch 10/25
  validation batch 15/25
  validation batch 20/25
  validation batch 25/25
{
  "pixel_accuracy": 0.7957666015625,
  "mismatch_vs_fp32_teacher": 0.16901092529296874,
  "mean_iou": 0.6203992364718852,
  "clear_iou": 0.7402824476608264,
  "thick_cloud_iou": 0.7457253010892265,
  "thin_cloud_iou": 0.3601510143877256,
  "cloud_shadow_iou": 0.6354381827497622
}
epoch=1/8 batch=10/125 loss=0.351984 gpu=0.216 GiB
epoch=1/8 batch=20/125 loss=0.554242 gpu=0.217 GiB
epoch=1/8 batch=30/125 loss=0.803565 gpu=0.217 GiB
epoch=1/8 batch=40/125 loss=0.422282 gpu=0.216 GiB
epoch=1/8 batch=50/125 loss=0.581541 gpu=0.218 GiB
epoch=1/8 batch=60/125 loss=1.267610 gpu=0.216 GiB
epoch=1/8 batch=70/125 loss=0.538999 gpu=0.217 GiB
epoch=1/8 batch=80/125 loss=0.533750 gpu=0.217 GiB
epoch=1/8 batch=90/125 loss=0.680051 gpu=0.218 GiB
epoch=1/8 batch=100/125 loss=0.582860 gpu=0.216 GiB
epoch=1/8 batch=110/125 loss=0.474876 gpu=0.217 GiB
epoch=1/8 batch=120/125 loss=0.376673 gpu=0.217 GiB
  validation batch 5/25
  validation batch 10/25
  validation batch 15/25
  validation batch 20/25
  validation batch 25/25
Epoch result:
{
  "pixel_accuracy": 0.7926859283447265,
  "mismatch_vs_fp32_teacher": 0.17549087524414062,
  "mean_iou": 0.6125418034441188,
  "clear_iou": 0.7379360595347676,
  "thick_cloud_iou": 0.7439856253664321,
  "thin_cloud_iou": 0.3546041271674756,
  "cloud_shadow_iou": 0.6136414017077997,
  "epoch": 1,
  "training_loss": 0.7119735493659973,
  "training_seconds": 25.802066499833018
}
Saved best checkpoint: qat/checkpoints/qat_int8_v22_best.pth
epoch=2/8 batch=10/125 loss=1.129160 gpu=0.191 GiB
epoch=2/8 batch=20/125 loss=2.437421 gpu=0.191 GiB
epoch=2/8 batch=30/125 loss=0.583035 gpu=0.191 GiB
epoch=2/8 batch=40/125 loss=0.305490 gpu=0.190 GiB
epoch=2/8 batch=50/125 loss=0.860492 gpu=0.191 GiB
epoch=2/8 batch=60/125 loss=0.684085 gpu=0.191 GiB
epoch=2/8 batch=70/125 loss=0.803450 gpu=0.190 GiB
epoch=2/8 batch=80/125 loss=1.412333 gpu=0.191 GiB
epoch=2/8 batch=90/125 loss=0.745859 gpu=0.191 GiB
epoch=2/8 batch=100/125 loss=0.458452 gpu=0.190 GiB
epoch=2/8 batch=110/125 loss=0.445448 gpu=0.191 GiB
epoch=2/8 batch=120/125 loss=0.490028 gpu=0.191 GiB
  validation batch 5/25
  validation batch 10/25
  validation batch 15/25
  validation batch 20/25
  validation batch 25/25
Epoch result:
{
  "pixel_accuracy": 0.7915050506591796,
  "mismatch_vs_fp32_teacher": 0.17783042907714844,
  "mean_iou": 0.6106954604138132,
  "clear_iou": 0.7362700601460238,
  "thick_cloud_iou": 0.7457848861120515,
  "thin_cloud_iou": 0.35507454436068414,
  "cloud_shadow_iou": 0.6056523510364934,
  "epoch": 2,
  "training_loss": 0.7603748795986176,
  "training_seconds": 24.850713199935853
}
epoch=3/8 batch=10/125 loss=0.313121 gpu=0.191 GiB
epoch=3/8 batch=20/125 loss=0.510371 gpu=0.190 GiB
epoch=3/8 batch=30/125 loss=0.452231 gpu=0.191 GiB
epoch=3/8 batch=40/125 loss=0.416397 gpu=0.191 GiB
epoch=3/8 batch=50/125 loss=0.518557 gpu=0.190 GiB
epoch=3/8 batch=60/125 loss=1.383360 gpu=0.191 GiB
epoch=3/8 batch=70/125 loss=0.933568 gpu=0.191 GiB
epoch=3/8 batch=80/125 loss=0.623500 gpu=0.190 GiB
epoch=3/8 batch=90/125 loss=1.291457 gpu=0.191 GiB
epoch=3/8 batch=100/125 loss=0.340088 gpu=0.191 GiB
epoch=3/8 batch=110/125 loss=0.456014 gpu=0.190 GiB
epoch=3/8 batch=120/125 loss=0.482557 gpu=0.191 GiB
  validation batch 5/25
  validation batch 10/25
  validation batch 15/25
  validation batch 20/25
  validation batch 25/25
Epoch result:
{
  "pixel_accuracy": 0.7911480712890625,
  "mismatch_vs_fp32_teacher": 0.179500732421875,
  "mean_iou": 0.608589452884871,
  "clear_iou": 0.736305748837478,
  "thick_cloud_iou": 0.7422343495242218,
  "thin_cloud_iou": 0.3549561034166994,
  "cloud_shadow_iou": 0.6008616097610845,
  "epoch": 3,
  "training_loss": 0.7351912672519684,
  "training_seconds": 24.74521670024842
}
epoch=4/8 batch=10/125 loss=0.673296 gpu=0.191 GiB
epoch=4/8 batch=20/125 loss=0.430162 gpu=0.191 GiB
epoch=4/8 batch=30/125 loss=0.443451 gpu=0.190 GiB
epoch=4/8 batch=40/125 loss=0.674693 gpu=0.191 GiB
epoch=4/8 batch=50/125 loss=0.574257 gpu=0.191 GiB
epoch=4/8 batch=60/125 loss=1.314705 gpu=0.190 GiB
epoch=4/8 batch=70/125 loss=0.900896 gpu=0.191 GiB
epoch=4/8 batch=80/125 loss=0.441692 gpu=0.191 GiB
epoch=4/8 batch=90/125 loss=0.419468 gpu=0.190 GiB
epoch=4/8 batch=100/125 loss=0.564317 gpu=0.191 GiB
epoch=4/8 batch=110/125 loss=0.492083 gpu=0.191 GiB
epoch=4/8 batch=120/125 loss=0.318411 gpu=0.190 GiB
  validation batch 5/25
  validation batch 10/25
  validation batch 15/25
  validation batch 20/25
  validation batch 25/25
Epoch result:
{
  "pixel_accuracy": 0.795540542602539,
  "mismatch_vs_fp32_teacher": 0.1728667449951172,
  "mean_iou": 0.6163632221207165,
  "clear_iou": 0.7421758105032422,
  "thick_cloud_iou": 0.7427821024476894,
  "thin_cloud_iou": 0.3578321535542289,
  "cloud_shadow_iou": 0.6226628219777056,
  "epoch": 4,
  "training_loss": 0.7840988795757293,
  "training_seconds": 24.6690840004012
}
Saved best checkpoint: qat/checkpoints/qat_int8_v22_best.pth
epoch=5/8 batch=10/125 loss=0.620513 gpu=0.190 GiB
epoch=5/8 batch=20/125 loss=0.303469 gpu=0.191 GiB
epoch=5/8 batch=30/125 loss=0.317609 gpu=0.191 GiB
epoch=5/8 batch=40/125 loss=0.413047 gpu=0.190 GiB
epoch=5/8 batch=50/125 loss=0.400356 gpu=0.191 GiB
epoch=5/8 batch=60/125 loss=0.515250 gpu=0.191 GiB
epoch=5/8 batch=70/125 loss=0.395960 gpu=0.190 GiB
epoch=5/8 batch=80/125 loss=0.412047 gpu=0.191 GiB
epoch=5/8 batch=90/125 loss=0.466437 gpu=0.191 GiB
epoch=5/8 batch=100/125 loss=0.503063 gpu=0.190 GiB
epoch=5/8 batch=110/125 loss=0.356638 gpu=0.191 GiB
epoch=5/8 batch=120/125 loss=0.320387 gpu=0.191 GiB
  validation batch 5/25
  validation batch 10/25
  validation batch 15/25
  validation batch 20/25
  validation batch 25/25
Epoch result:
{
  "pixel_accuracy": 0.7910734558105469,
  "mismatch_vs_fp32_teacher": 0.17894271850585938,
  "mean_iou": 0.6104634423724583,
  "clear_iou": 0.7380801973549801,
  "thick_cloud_iou": 0.7327534898664149,
  "thin_cloud_iou": 0.35514055700238817,
  "cloud_shadow_iou": 0.6158795252660502,
  "epoch": 5,
  "training_loss": 0.7365248532295227,
  "training_seconds": 24.805908299982548
}
epoch=6/8 batch=10/125 loss=0.287443 gpu=0.191 GiB
epoch=6/8 batch=20/125 loss=0.475971 gpu=0.190 GiB
epoch=6/8 batch=30/125 loss=0.591290 gpu=0.191 GiB
epoch=6/8 batch=40/125 loss=1.048452 gpu=0.191 GiB
epoch=6/8 batch=50/125 loss=0.406802 gpu=0.190 GiB
epoch=6/8 batch=60/125 loss=0.327257 gpu=0.191 GiB
epoch=6/8 batch=70/125 loss=1.317995 gpu=0.191 GiB
epoch=6/8 batch=80/125 loss=0.524061 gpu=0.190 GiB
epoch=6/8 batch=90/125 loss=0.632354 gpu=0.191 GiB
epoch=6/8 batch=100/125 loss=0.559655 gpu=0.191 GiB
epoch=6/8 batch=110/125 loss=0.367144 gpu=0.190 GiB
epoch=6/8 batch=120/125 loss=0.890934 gpu=0.191 GiB
  validation batch 5/25
  validation batch 10/25
  validation batch 15/25
  validation batch 20/25
  validation batch 25/25
Epoch result:
{
  "pixel_accuracy": 0.7921318817138672,
  "mismatch_vs_fp32_teacher": 0.17807937622070313,
  "mean_iou": 0.6110865172784758,
  "clear_iou": 0.7374150183442388,
  "thick_cloud_iou": 0.7381870296473785,
  "thin_cloud_iou": 0.3578424239794508,
  "cloud_shadow_iou": 0.6109015971428352,
  "epoch": 6,
  "training_loss": 0.7171887830495834,
  "training_seconds": 24.792799700051546
}
epoch=7/8 batch=10/125 loss=0.354979 gpu=0.191 GiB
epoch=7/8 batch=20/125 loss=0.470148 gpu=0.191 GiB
epoch=7/8 batch=30/125 loss=1.221318 gpu=0.190 GiB
epoch=7/8 batch=40/125 loss=0.470384 gpu=0.191 GiB
epoch=7/8 batch=50/125 loss=0.554082 gpu=0.191 GiB
epoch=7/8 batch=60/125 loss=0.446184 gpu=0.190 GiB
epoch=7/8 batch=70/125 loss=0.531367 gpu=0.191 GiB
epoch=7/8 batch=80/125 loss=0.503853 gpu=0.191 GiB
epoch=7/8 batch=90/125 loss=0.414104 gpu=0.190 GiB
epoch=7/8 batch=100/125 loss=0.726462 gpu=0.191 GiB
epoch=7/8 batch=110/125 loss=1.073759 gpu=0.191 GiB
epoch=7/8 batch=120/125 loss=0.399500 gpu=0.190 GiB
  validation batch 5/25
  validation batch 10/25
  validation batch 15/25
  validation batch 20/25
  validation batch 25/25
Epoch result:
{
  "pixel_accuracy": 0.7929330444335938,
  "mismatch_vs_fp32_teacher": 0.17306602478027344,
  "mean_iou": 0.6142119057063296,
  "clear_iou": 0.7392771795530928,
  "thick_cloud_iou": 0.7370777443193444,
  "thin_cloud_iou": 0.36473132509167283,
  "cloud_shadow_iou": 0.615761373861208,
  "epoch": 7,
  "training_loss": 0.6405347678661346,
  "training_seconds": 24.973646299913526
}
epoch=8/8 batch=10/125 loss=0.716057 gpu=0.190 GiB
epoch=8/8 batch=20/125 loss=0.585371 gpu=0.191 GiB
epoch=8/8 batch=30/125 loss=0.395562 gpu=0.191 GiB
epoch=8/8 batch=40/125 loss=0.799311 gpu=0.190 GiB
epoch=8/8 batch=50/125 loss=0.429911 gpu=0.191 GiB
epoch=8/8 batch=60/125 loss=0.640731 gpu=0.191 GiB
epoch=8/8 batch=70/125 loss=0.572134 gpu=0.190 GiB
epoch=8/8 batch=80/125 loss=0.328098 gpu=0.191 GiB
epoch=8/8 batch=90/125 loss=0.352022 gpu=0.191 GiB
epoch=8/8 batch=100/125 loss=0.483886 gpu=0.190 GiB
epoch=8/8 batch=110/125 loss=1.398688 gpu=0.191 GiB
epoch=8/8 batch=120/125 loss=0.821268 gpu=0.191 GiB
  validation batch 5/25
  validation batch 10/25
  validation batch 15/25
  validation batch 20/25
  validation batch 25/25
Epoch result:
{
  "pixel_accuracy": 0.7901426696777344,
  "mismatch_vs_fp32_teacher": 0.17549842834472656,
  "mean_iou": 0.6078843349748507,
  "clear_iou": 0.7358735861831258,
  "thick_cloud_iou": 0.7350671666404968,
  "thin_cloud_iou": 0.36167906904984554,
  "cloud_shadow_iou": 0.5989175180259346,
  "epoch": 8,
  "training_loss": 0.7112562150955201,
  "training_seconds": 24.66406930005178
}
Saved: qat/results/exploration_v10_v29/qat_int8_v22_training.json
QAT training complete.
