Class weights: [0.57589655057238, 0.9006642633334325, 1.2329679510749834, 1.2904712350192047]
Loading original FP32 teacher...
Creating QAT student from original weights...
QAT convolutions: 63
Loaded Version 2 checkpoint: qat\checkpoints\qat_int8_v9_best.pth
Frozen BatchNorm layers: 62
Evaluating QAT student before training...
  validation batch 5/25
  validation batch 10/25
  validation batch 15/25
  validation batch 20/25
  validation batch 25/25
{
  "pixel_accuracy": 0.7979537963867187,
  "mismatch_vs_fp32_teacher": 0.1704973602294922,
  "mean_iou": 0.6209757468253101,
  "clear_iou": 0.7429003794851835,
  "thick_cloud_iou": 0.7488139725688767,
  "thin_cloud_iou": 0.3615148528579619,
  "cloud_shadow_iou": 0.6306737823892185
}
epoch=1/8 batch=10/125 loss=0.341467 gpu=0.216 GiB
epoch=1/8 batch=20/125 loss=0.560714 gpu=0.217 GiB
epoch=1/8 batch=30/125 loss=0.745094 gpu=0.217 GiB
epoch=1/8 batch=40/125 loss=0.424696 gpu=0.216 GiB
epoch=1/8 batch=50/125 loss=0.565575 gpu=0.218 GiB
epoch=1/8 batch=60/125 loss=1.189968 gpu=0.216 GiB
epoch=1/8 batch=70/125 loss=0.542415 gpu=0.217 GiB
epoch=1/8 batch=80/125 loss=0.574758 gpu=0.217 GiB
epoch=1/8 batch=90/125 loss=0.686307 gpu=0.218 GiB
epoch=1/8 batch=100/125 loss=0.619954 gpu=0.216 GiB
epoch=1/8 batch=110/125 loss=0.487278 gpu=0.217 GiB
epoch=1/8 batch=120/125 loss=0.375750 gpu=0.217 GiB
  validation batch 5/25
  validation batch 10/25
  validation batch 15/25
  validation batch 20/25
  validation batch 25/25
Epoch result:
{
  "pixel_accuracy": 0.7923954772949219,
  "mismatch_vs_fp32_teacher": 0.1792329406738281,
  "mean_iou": 0.6124564864068973,
  "clear_iou": 0.7379040975069229,
  "thick_cloud_iou": 0.7387529918821779,
  "thin_cloud_iou": 0.3543005106854123,
  "cloud_shadow_iou": 0.6188683455530762,
  "epoch": 1,
  "training_loss": 0.7212832570075989,
  "training_seconds": 25.90190269984305
}
Saved best checkpoint: qat/checkpoints/qat_int8_v17_best.pth
epoch=2/8 batch=10/125 loss=1.167939 gpu=0.191 GiB
epoch=2/8 batch=20/125 loss=2.361806 gpu=0.191 GiB
epoch=2/8 batch=30/125 loss=0.576502 gpu=0.191 GiB
epoch=2/8 batch=40/125 loss=0.307528 gpu=0.190 GiB
epoch=2/8 batch=50/125 loss=0.846215 gpu=0.191 GiB
epoch=2/8 batch=60/125 loss=0.676271 gpu=0.191 GiB
epoch=2/8 batch=70/125 loss=0.769623 gpu=0.190 GiB
epoch=2/8 batch=80/125 loss=1.407669 gpu=0.191 GiB
epoch=2/8 batch=90/125 loss=0.955696 gpu=0.191 GiB
epoch=2/8 batch=100/125 loss=0.457781 gpu=0.190 GiB
epoch=2/8 batch=110/125 loss=0.453823 gpu=0.191 GiB
epoch=2/8 batch=120/125 loss=0.465774 gpu=0.191 GiB
  validation batch 5/25
  validation batch 10/25
  validation batch 15/25
  validation batch 20/25
  validation batch 25/25
Epoch result:
{
  "pixel_accuracy": 0.7934564208984375,
  "mismatch_vs_fp32_teacher": 0.17268867492675782,
  "mean_iou": 0.6162926822536073,
  "clear_iou": 0.7370675114628559,
  "thick_cloud_iou": 0.7448597657076756,
  "thin_cloud_iou": 0.3563504548051601,
  "cloud_shadow_iou": 0.6268929970387376,
  "epoch": 2,
  "training_loss": 0.7562930272817612,
  "training_seconds": 24.59739700006321
}
Saved best checkpoint: qat/checkpoints/qat_int8_v17_best.pth
epoch=3/8 batch=10/125 loss=0.309095 gpu=0.191 GiB
epoch=3/8 batch=20/125 loss=0.734192 gpu=0.190 GiB
epoch=3/8 batch=30/125 loss=0.460215 gpu=0.191 GiB
epoch=3/8 batch=40/125 loss=0.422791 gpu=0.191 GiB
epoch=3/8 batch=50/125 loss=0.486029 gpu=0.190 GiB
epoch=3/8 batch=60/125 loss=1.443963 gpu=0.191 GiB
epoch=3/8 batch=70/125 loss=0.785162 gpu=0.191 GiB
epoch=3/8 batch=80/125 loss=0.615495 gpu=0.190 GiB
epoch=3/8 batch=90/125 loss=1.211137 gpu=0.191 GiB
epoch=3/8 batch=100/125 loss=0.328913 gpu=0.191 GiB
epoch=3/8 batch=110/125 loss=0.455642 gpu=0.190 GiB
epoch=3/8 batch=120/125 loss=0.509695 gpu=0.191 GiB
  validation batch 5/25
  validation batch 10/25
  validation batch 15/25
  validation batch 20/25
  validation batch 25/25
Epoch result:
{
  "pixel_accuracy": 0.7938938903808593,
  "mismatch_vs_fp32_teacher": 0.17298782348632813,
  "mean_iou": 0.6169432666626526,
  "clear_iou": 0.7372705286785683,
  "thick_cloud_iou": 0.7467215184105909,
  "thin_cloud_iou": 0.35797985473668226,
  "cloud_shadow_iou": 0.6258011648247692,
  "epoch": 3,
  "training_loss": 0.7261334898471832,
  "training_seconds": 24.542983999941498
}
Saved best checkpoint: qat/checkpoints/qat_int8_v17_best.pth
epoch=4/8 batch=10/125 loss=0.672298 gpu=0.191 GiB
epoch=4/8 batch=20/125 loss=0.429254 gpu=0.191 GiB
epoch=4/8 batch=30/125 loss=0.489498 gpu=0.190 GiB
epoch=4/8 batch=40/125 loss=0.727121 gpu=0.191 GiB
epoch=4/8 batch=50/125 loss=0.591974 gpu=0.191 GiB
epoch=4/8 batch=60/125 loss=1.446445 gpu=0.190 GiB
epoch=4/8 batch=70/125 loss=0.941638 gpu=0.191 GiB
epoch=4/8 batch=80/125 loss=0.444987 gpu=0.191 GiB
epoch=4/8 batch=90/125 loss=0.442244 gpu=0.190 GiB
epoch=4/8 batch=100/125 loss=0.583086 gpu=0.191 GiB
epoch=4/8 batch=110/125 loss=0.571561 gpu=0.191 GiB
epoch=4/8 batch=120/125 loss=0.340854 gpu=0.190 GiB
  validation batch 5/25
  validation batch 10/25
  validation batch 15/25
  validation batch 20/25
  validation batch 25/25
Epoch result:
{
  "pixel_accuracy": 0.7927025604248047,
  "mismatch_vs_fp32_teacher": 0.1752776336669922,
  "mean_iou": 0.6119284085318393,
  "clear_iou": 0.7377878991478913,
  "thick_cloud_iou": 0.742821323499396,
  "thin_cloud_iou": 0.3594507390283178,
  "cloud_shadow_iou": 0.6076536724517521,
  "epoch": 4,
  "training_loss": 0.7842598056793213,
  "training_seconds": 25.02827459992841
}
epoch=5/8 batch=10/125 loss=0.846269 gpu=0.190 GiB
epoch=5/8 batch=20/125 loss=0.294276 gpu=0.191 GiB
epoch=5/8 batch=30/125 loss=0.323935 gpu=0.191 GiB
epoch=5/8 batch=40/125 loss=0.429324 gpu=0.190 GiB
epoch=5/8 batch=50/125 loss=0.401625 gpu=0.191 GiB
epoch=5/8 batch=60/125 loss=0.508916 gpu=0.191 GiB
epoch=5/8 batch=70/125 loss=0.388508 gpu=0.190 GiB
epoch=5/8 batch=80/125 loss=0.401617 gpu=0.191 GiB
epoch=5/8 batch=90/125 loss=0.491587 gpu=0.191 GiB
epoch=5/8 batch=100/125 loss=0.543364 gpu=0.190 GiB
epoch=5/8 batch=110/125 loss=0.382512 gpu=0.191 GiB
epoch=5/8 batch=120/125 loss=0.301230 gpu=0.191 GiB
  validation batch 5/25
  validation batch 10/25
  validation batch 15/25
  validation batch 20/25
  validation batch 25/25
Epoch result:
{
  "pixel_accuracy": 0.7934711456298829,
  "mismatch_vs_fp32_teacher": 0.17458946228027344,
  "mean_iou": 0.6144618036030338,
  "clear_iou": 0.7382826261897044,
  "thick_cloud_iou": 0.7415068165346727,
  "thin_cloud_iou": 0.36020387966999895,
  "cloud_shadow_iou": 0.6178538920177594,
  "epoch": 5,
  "training_loss": 0.7333212950229645,
  "training_seconds": 24.517629300244153
}
epoch=6/8 batch=10/125 loss=0.277213 gpu=0.191 GiB
epoch=6/8 batch=20/125 loss=0.464368 gpu=0.190 GiB
epoch=6/8 batch=30/125 loss=0.898132 gpu=0.191 GiB
epoch=6/8 batch=40/125 loss=1.067272 gpu=0.191 GiB
epoch=6/8 batch=50/125 loss=0.927499 gpu=0.190 GiB
epoch=6/8 batch=60/125 loss=0.321094 gpu=0.191 GiB
epoch=6/8 batch=70/125 loss=1.366973 gpu=0.191 GiB
epoch=6/8 batch=80/125 loss=0.525036 gpu=0.190 GiB
epoch=6/8 batch=90/125 loss=0.650713 gpu=0.191 GiB
epoch=6/8 batch=100/125 loss=0.532863 gpu=0.191 GiB
epoch=6/8 batch=110/125 loss=0.820835 gpu=0.190 GiB
epoch=6/8 batch=120/125 loss=0.859267 gpu=0.191 GiB
  validation batch 5/25
  validation batch 10/25
  validation batch 15/25
  validation batch 20/25
  validation batch 25/25
Epoch result:
{
  "pixel_accuracy": 0.7933831787109376,
  "mismatch_vs_fp32_teacher": 0.17214706420898437,
  "mean_iou": 0.6144143876869387,
  "clear_iou": 0.7388248928542563,
  "thick_cloud_iou": 0.7441642799218654,
  "thin_cloud_iou": 0.3590376046365213,
  "cloud_shadow_iou": 0.6156307733351118,
  "epoch": 6,
  "training_loss": 0.7129672482013703,
  "training_seconds": 24.503375600092113
}
epoch=7/8 batch=10/125 loss=0.356721 gpu=0.191 GiB
epoch=7/8 batch=20/125 loss=0.446471 gpu=0.191 GiB
epoch=7/8 batch=30/125 loss=0.591063 gpu=0.190 GiB
epoch=7/8 batch=40/125 loss=0.456262 gpu=0.191 GiB
epoch=7/8 batch=50/125 loss=0.556551 gpu=0.191 GiB
epoch=7/8 batch=60/125 loss=1.218867 gpu=0.190 GiB
epoch=7/8 batch=70/125 loss=0.536046 gpu=0.191 GiB
epoch=7/8 batch=80/125 loss=0.979171 gpu=0.191 GiB
epoch=7/8 batch=90/125 loss=0.397554 gpu=0.190 GiB
epoch=7/8 batch=100/125 loss=0.628632 gpu=0.191 GiB
epoch=7/8 batch=110/125 loss=1.135953 gpu=0.191 GiB
epoch=7/8 batch=120/125 loss=0.412770 gpu=0.190 GiB
  validation batch 5/25
  validation batch 10/25
  validation batch 15/25
  validation batch 20/25
  validation batch 25/25
Epoch result:
{
  "pixel_accuracy": 0.7920803833007812,
  "mismatch_vs_fp32_teacher": 0.17811538696289062,
  "mean_iou": 0.6116059875955717,
  "clear_iou": 0.7383826846219698,
  "thick_cloud_iou": 0.7402354335285318,
  "thin_cloud_iou": 0.3558917830851404,
  "cloud_shadow_iou": 0.6119140491466447,
  "epoch": 7,
  "training_loss": 0.6643619978427887,
  "training_seconds": 24.811266400385648
}
epoch=8/8 batch=10/125 loss=0.759858 gpu=0.190 GiB
epoch=8/8 batch=20/125 loss=0.609909 gpu=0.191 GiB
epoch=8/8 batch=30/125 loss=0.405405 gpu=0.191 GiB
epoch=8/8 batch=40/125 loss=0.827219 gpu=0.190 GiB
epoch=8/8 batch=50/125 loss=0.452302 gpu=0.191 GiB
epoch=8/8 batch=60/125 loss=1.041322 gpu=0.191 GiB
epoch=8/8 batch=70/125 loss=0.626849 gpu=0.190 GiB
epoch=8/8 batch=80/125 loss=0.325478 gpu=0.191 GiB
epoch=8/8 batch=90/125 loss=0.343317 gpu=0.191 GiB
epoch=8/8 batch=100/125 loss=0.471631 gpu=0.190 GiB
epoch=8/8 batch=110/125 loss=1.386529 gpu=0.191 GiB
epoch=8/8 batch=120/125 loss=0.870622 gpu=0.191 GiB
  validation batch 5/25
  validation batch 10/25
  validation batch 15/25
  validation batch 20/25
  validation batch 25/25
Epoch result:
{
  "pixel_accuracy": 0.7884310913085938,
  "mismatch_vs_fp32_teacher": 0.1844390106201172,
  "mean_iou": 0.6013914571219369,
  "clear_iou": 0.7367600738839472,
  "thick_cloud_iou": 0.7274680508672781,
  "thin_cloud_iou": 0.35402857701169826,
  "cloud_shadow_iou": 0.5873091267248242,
  "epoch": 8,
  "training_loss": 0.7324806125164032,
  "training_seconds": 24.387365800328553
}
Saved: qat/results/exploration_v10_v29/qat_int8_v17_training.json
QAT training complete.
